mode: set
github.com/otfabric/go-bacnet/service/cov.go:24.66,28.16 4 1
github.com/otfabric/go-bacnet/service/cov.go:28.16,30.3 1 0
github.com/otfabric/go-bacnet/service/cov.go:31.2,32.16 2 1
github.com/otfabric/go-bacnet/service/cov.go:32.16,34.3 1 0
github.com/otfabric/go-bacnet/service/cov.go:35.2,35.22 1 1
github.com/otfabric/go-bacnet/service/cov.go:35.22,37.3 1 1
github.com/otfabric/go-bacnet/service/cov.go:38.2,39.16 2 1
github.com/otfabric/go-bacnet/service/cov.go:39.16,41.3 1 0
github.com/otfabric/go-bacnet/service/cov.go:42.2,42.67 1 1
github.com/otfabric/go-bacnet/service/cov.go:46.98,48.16 2 1
github.com/otfabric/go-bacnet/service/cov.go:48.16,50.3 1 0
github.com/otfabric/go-bacnet/service/cov.go:51.2,51.23 1 1
github.com/otfabric/go-bacnet/service/cov.go:51.23,53.3 1 0
github.com/otfabric/go-bacnet/service/cov.go:54.2,56.30 3 1
github.com/otfabric/go-bacnet/service/cov.go:56.30,57.23 1 1
github.com/otfabric/go-bacnet/service/cov.go:58.10,59.15 1 1
github.com/otfabric/go-bacnet/service/cov.go:59.15,61.5 1 1
github.com/otfabric/go-bacnet/service/cov.go:62.4,63.18 2 1
github.com/otfabric/go-bacnet/service/cov.go:63.18,65.5 1 0
github.com/otfabric/go-bacnet/service/cov.go:66.4,66.22 1 1
github.com/otfabric/go-bacnet/service/cov.go:66.22,68.5 1 1
github.com/otfabric/go-bacnet/service/cov.go:69.4,70.18 2 1
github.com/otfabric/go-bacnet/service/cov.go:71.10,72.18 1 1
github.com/otfabric/go-bacnet/service/cov.go:72.18,74.5 1 1
github.com/otfabric/go-bacnet/service/cov.go:75.4,76.18 2 1
github.com/otfabric/go-bacnet/service/cov.go:76.18,78.5 1 0
github.com/otfabric/go-bacnet/service/cov.go:79.4,79.21 1 1
github.com/otfabric/go-bacnet/service/cov.go:80.10,81.16 1 1
github.com/otfabric/go-bacnet/service/cov.go:81.16,83.5 1 1
github.com/otfabric/go-bacnet/service/cov.go:84.4,85.18 2 1
github.com/otfabric/go-bacnet/service/cov.go:85.18,87.5 1 0
github.com/otfabric/go-bacnet/service/cov.go:88.4,88.19 1 1
github.com/otfabric/go-bacnet/service/cov.go:89.10,90.20 1 1
github.com/otfabric/go-bacnet/service/cov.go:90.20,92.5 1 1
github.com/otfabric/go-bacnet/service/cov.go:93.4,94.18 2 1
github.com/otfabric/go-bacnet/service/cov.go:94.18,96.5 1 0
github.com/otfabric/go-bacnet/service/cov.go:97.4,97.22 1 1
github.com/otfabric/go-bacnet/service/cov.go:97.22,99.5 1 0
github.com/otfabric/go-bacnet/service/cov.go:100.4,101.23 2 1
github.com/otfabric/go-bacnet/service/cov.go:102.11,103.117 1 1
github.com/otfabric/go-bacnet/service/cov.go:106.2,106.29 1 1
github.com/otfabric/go-bacnet/service/cov.go:106.29,108.3 1 1
github.com/otfabric/go-bacnet/service/cov.go:109.2,110.55 2 1
github.com/otfabric/go-bacnet/service/cov.go:110.55,112.3 1 1
github.com/otfabric/go-bacnet/service/cov.go:113.2,113.17 1 1
github.com/otfabric/go-bacnet/service/cov.go:125.82,130.16 5 1
github.com/otfabric/go-bacnet/service/cov.go:130.16,132.3 1 0
github.com/otfabric/go-bacnet/service/cov.go:133.2,134.16 2 1
github.com/otfabric/go-bacnet/service/cov.go:134.16,136.3 1 0
github.com/otfabric/go-bacnet/service/cov.go:137.2,137.24 1 1
github.com/otfabric/go-bacnet/service/cov.go:137.24,139.17 2 1
github.com/otfabric/go-bacnet/service/cov.go:139.17,141.4 1 0
github.com/otfabric/go-bacnet/service/cov.go:142.3,143.17 2 1
github.com/otfabric/go-bacnet/service/cov.go:143.17,145.4 1 0
github.com/otfabric/go-bacnet/service/cov.go:147.2,149.16 3 1
github.com/otfabric/go-bacnet/service/cov.go:149.16,151.3 1 0
github.com/otfabric/go-bacnet/service/cov.go:152.2,152.36 1 1
github.com/otfabric/go-bacnet/service/cov.go:152.36,154.17 2 0
github.com/otfabric/go-bacnet/service/cov.go:154.17,156.4 1 0
github.com/otfabric/go-bacnet/service/cov.go:158.2,159.51 2 1
github.com/otfabric/go-bacnet/service/cov.go:159.51,171.17 5 1
github.com/otfabric/go-bacnet/service/cov.go:171.17,173.4 1 0
github.com/otfabric/go-bacnet/service/cov.go:175.2,175.17 1 1
github.com/otfabric/go-bacnet/service/cov.go:179.114,181.16 2 1
github.com/otfabric/go-bacnet/service/cov.go:181.16,183.3 1 1
github.com/otfabric/go-bacnet/service/cov.go:184.2,184.23 1 1
github.com/otfabric/go-bacnet/service/cov.go:184.23,186.3 1 0
github.com/otfabric/go-bacnet/service/cov.go:187.2,189.30 3 1
github.com/otfabric/go-bacnet/service/cov.go:189.30,190.10 1 1
github.com/otfabric/go-bacnet/service/cov.go:191.62,192.15 1 1
github.com/otfabric/go-bacnet/service/cov.go:192.15,194.5 1 0
github.com/otfabric/go-bacnet/service/cov.go:195.4,196.18 2 1
github.com/otfabric/go-bacnet/service/cov.go:196.18,198.5 1 0
github.com/otfabric/go-bacnet/service/cov.go:199.4,199.22 1 1
github.com/otfabric/go-bacnet/service/cov.go:199.22,201.5 1 0
github.com/otfabric/go-bacnet/service/cov.go:202.4,203.18 2 1
github.com/otfabric/go-bacnet/service/cov.go:204.62,205.18 1 1
github.com/otfabric/go-bacnet/service/cov.go:205.18,207.5 1 0
github.com/otfabric/go-bacnet/service/cov.go:208.4,209.18 2 1
github.com/otfabric/go-bacnet/service/cov.go:209.18,211.5 1 0
github.com/otfabric/go-bacnet/service/cov.go:212.4,212.21 1 1
github.com/otfabric/go-bacnet/service/cov.go:213.62,214.16 1 1
github.com/otfabric/go-bacnet/service/cov.go:214.16,216.5 1 0
github.com/otfabric/go-bacnet/service/cov.go:217.4,218.18 2 1
github.com/otfabric/go-bacnet/service/cov.go:218.18,220.5 1 0
github.com/otfabric/go-bacnet/service/cov.go:221.4,221.19 1 1
github.com/otfabric/go-bacnet/service/cov.go:222.62,223.20 1 1
github.com/otfabric/go-bacnet/service/cov.go:223.20,225.5 1 0
github.com/otfabric/go-bacnet/service/cov.go:226.4,227.18 2 1
github.com/otfabric/go-bacnet/service/cov.go:227.18,229.5 1 0
github.com/otfabric/go-bacnet/service/cov.go:230.4,230.22 1 1
github.com/otfabric/go-bacnet/service/cov.go:230.22,232.5 1 0
github.com/otfabric/go-bacnet/service/cov.go:233.4,234.23 2 1
github.com/otfabric/go-bacnet/service/cov.go:235.61,236.16 1 1
github.com/otfabric/go-bacnet/service/cov.go:236.16,238.5 1 0
github.com/otfabric/go-bacnet/service/cov.go:239.4,240.18 2 1
github.com/otfabric/go-bacnet/service/cov.go:240.18,242.5 1 1
github.com/otfabric/go-bacnet/service/cov.go:243.4,244.19 2 1
github.com/otfabric/go-bacnet/service/cov.go:245.62,246.38 1 1
github.com/otfabric/go-bacnet/service/cov.go:246.38,248.5 1 0
github.com/otfabric/go-bacnet/service/cov.go:249.4,251.25 3 1
github.com/otfabric/go-bacnet/service/cov.go:252.11,253.133 1 1
github.com/otfabric/go-bacnet/service/cov.go:256.2,256.42 1 1
github.com/otfabric/go-bacnet/service/cov.go:256.42,258.3 1 1
github.com/otfabric/go-bacnet/service/cov.go:259.2,260.55 2 1
github.com/otfabric/go-bacnet/service/cov.go:260.55,262.3 1 0
github.com/otfabric/go-bacnet/service/cov.go:263.2,263.17 1 1
github.com/otfabric/go-bacnet/service/cov.go:266.91,269.30 3 1
github.com/otfabric/go-bacnet/service/cov.go:269.30,270.66 1 1
github.com/otfabric/go-bacnet/service/cov.go:270.66,272.4 1 0
github.com/otfabric/go-bacnet/service/cov.go:273.3,274.17 2 1
github.com/otfabric/go-bacnet/service/cov.go:274.17,276.4 1 0
github.com/otfabric/go-bacnet/service/cov.go:277.3,277.23 1 1
github.com/otfabric/go-bacnet/service/cov.go:278.10,279.14 1 1
github.com/otfabric/go-bacnet/service/cov.go:279.14,281.5 1 1
github.com/otfabric/go-bacnet/service/cov.go:282.4,283.17 2 1
github.com/otfabric/go-bacnet/service/cov.go:284.10,285.30 1 1
github.com/otfabric/go-bacnet/service/cov.go:285.30,287.5 1 1
github.com/otfabric/go-bacnet/service/cov.go:288.4,288.22 1 1
github.com/otfabric/go-bacnet/service/cov.go:288.22,290.5 1 0
github.com/otfabric/go-bacnet/service/cov.go:291.4,292.26 2 1
github.com/otfabric/go-bacnet/service/cov.go:293.11,294.106 1 0
github.com/otfabric/go-bacnet/service/cov.go:297.2,297.13 1 1
github.com/otfabric/go-bacnet/service/cov.go:297.13,299.3 1 1
github.com/otfabric/go-bacnet/service/cov.go:300.2,300.18 1 1
github.com/otfabric/go-bacnet/service/cov.go:319.97,321.16 2 1
github.com/otfabric/go-bacnet/service/cov.go:321.16,323.3 1 1
github.com/otfabric/go-bacnet/service/cov.go:324.2,324.23 1 1
github.com/otfabric/go-bacnet/service/cov.go:324.23,326.3 1 0
github.com/otfabric/go-bacnet/service/cov.go:327.2,329.30 3 1
github.com/otfabric/go-bacnet/service/cov.go:329.30,330.10 1 1
github.com/otfabric/go-bacnet/service/cov.go:331.62,332.15 1 1
github.com/otfabric/go-bacnet/service/cov.go:332.15,334.5 1 0
github.com/otfabric/go-bacnet/service/cov.go:335.4,336.18 2 1
github.com/otfabric/go-bacnet/service/cov.go:336.18,338.5 1 0
github.com/otfabric/go-bacnet/service/cov.go:339.4,339.22 1 1
github.com/otfabric/go-bacnet/service/cov.go:339.22,341.5 1 0
github.com/otfabric/go-bacnet/service/cov.go:342.4,343.18 2 1
github.com/otfabric/go-bacnet/service/cov.go:344.62,345.18 1 1
github.com/otfabric/go-bacnet/service/cov.go:345.18,347.5 1 1
github.com/otfabric/go-bacnet/service/cov.go:348.4,349.18 2 1
github.com/otfabric/go-bacnet/service/cov.go:349.18,351.5 1 0
github.com/otfabric/go-bacnet/service/cov.go:352.4,352.21 1 1
github.com/otfabric/go-bacnet/service/cov.go:353.62,354.18 1 1
github.com/otfabric/go-bacnet/service/cov.go:354.18,356.5 1 0
github.com/otfabric/go-bacnet/service/cov.go:357.4,358.18 2 1
github.com/otfabric/go-bacnet/service/cov.go:358.18,360.5 1 0
github.com/otfabric/go-bacnet/service/cov.go:361.4,361.21 1 1
github.com/otfabric/go-bacnet/service/cov.go:362.62,363.16 1 1
github.com/otfabric/go-bacnet/service/cov.go:363.16,365.5 1 0
github.com/otfabric/go-bacnet/service/cov.go:366.4,367.18 2 1
github.com/otfabric/go-bacnet/service/cov.go:367.18,369.5 1 0
github.com/otfabric/go-bacnet/service/cov.go:370.4,370.22 1 1
github.com/otfabric/go-bacnet/service/cov.go:370.22,372.5 1 1
github.com/otfabric/go-bacnet/service/cov.go:373.4,374.19 2 1
github.com/otfabric/go-bacnet/service/cov.go:375.61,376.18 1 1
github.com/otfabric/go-bacnet/service/cov.go:376.18,378.5 1 1
github.com/otfabric/go-bacnet/service/cov.go:379.4,380.18 2 1
github.com/otfabric/go-bacnet/service/cov.go:380.18,382.5 1 1
github.com/otfabric/go-bacnet/service/cov.go:383.4,383.21 1 1
github.com/otfabric/go-bacnet/service/cov.go:384.11,385.117 1 0
github.com/otfabric/go-bacnet/service/cov.go:388.2,388.72 1 1
github.com/otfabric/go-bacnet/service/cov.go:388.72,390.3 1 1
github.com/otfabric/go-bacnet/service/cov.go:391.2,391.18 1 1
github.com/otfabric/go-bacnet/service/cov.go:394.74,398.18 4 1
github.com/otfabric/go-bacnet/service/cov.go:398.18,399.11 1 1
github.com/otfabric/go-bacnet/service/cov.go:399.11,403.4 3 1
github.com/otfabric/go-bacnet/service/cov.go:405.2,405.30 1 1
github.com/otfabric/go-bacnet/service/cov.go:405.30,406.10 1 1
github.com/otfabric/go-bacnet/service/cov.go:407.62,410.18 3 1
github.com/otfabric/go-bacnet/service/cov.go:410.18,412.5 1 0
github.com/otfabric/go-bacnet/service/cov.go:413.4,414.15 2 1
github.com/otfabric/go-bacnet/service/cov.go:415.62,417.18 2 1
github.com/otfabric/go-bacnet/service/cov.go:417.18,419.5 1 0
github.com/otfabric/go-bacnet/service/cov.go:420.4,421.34 2 1
github.com/otfabric/go-bacnet/service/cov.go:422.61,423.35 1 1
github.com/otfabric/go-bacnet/service/cov.go:423.35,425.5 1 0
github.com/otfabric/go-bacnet/service/cov.go:425.10,425.75 1 1
github.com/otfabric/go-bacnet/service/cov.go:425.75,427.5 1 1
github.com/otfabric/go-bacnet/service/cov.go:427.10,429.5 1 0
github.com/otfabric/go-bacnet/service/cov.go:430.11,431.96 1 1
github.com/otfabric/go-bacnet/service/cov.go:434.2,435.17 2 1
github.com/otfabric/go-bacnet/service/discovery.go:19.45,20.49 1 1
github.com/otfabric/go-bacnet/service/discovery.go:20.49,22.3 1 1
github.com/otfabric/go-bacnet/service/discovery.go:23.2,23.49 1 1
github.com/otfabric/go-bacnet/service/discovery.go:23.49,25.3 1 1
github.com/otfabric/go-bacnet/service/discovery.go:26.2,29.16 4 1
github.com/otfabric/go-bacnet/service/discovery.go:29.16,31.3 1 0
github.com/otfabric/go-bacnet/service/discovery.go:32.2,33.17 2 1
github.com/otfabric/go-bacnet/service/discovery.go:37.77,38.23 1 1
github.com/otfabric/go-bacnet/service/discovery.go:38.23,40.3 1 1
github.com/otfabric/go-bacnet/service/discovery.go:41.2,42.16 2 1
github.com/otfabric/go-bacnet/service/discovery.go:42.16,44.3 1 0
github.com/otfabric/go-bacnet/service/discovery.go:45.2,45.23 1 1
github.com/otfabric/go-bacnet/service/discovery.go:45.23,47.3 1 0
github.com/otfabric/go-bacnet/service/discovery.go:48.2,50.30 3 1
github.com/otfabric/go-bacnet/service/discovery.go:50.30,51.23 1 1
github.com/otfabric/go-bacnet/service/discovery.go:52.10,53.15 1 1
github.com/otfabric/go-bacnet/service/discovery.go:53.15,55.5 1 1
github.com/otfabric/go-bacnet/service/discovery.go:56.4,57.18 2 1
github.com/otfabric/go-bacnet/service/discovery.go:57.18,59.5 1 0
github.com/otfabric/go-bacnet/service/discovery.go:60.4,60.22 1 1
github.com/otfabric/go-bacnet/service/discovery.go:60.22,62.5 1 1
github.com/otfabric/go-bacnet/service/discovery.go:63.4,65.18 3 1
github.com/otfabric/go-bacnet/service/discovery.go:66.10,67.16 1 1
github.com/otfabric/go-bacnet/service/discovery.go:67.16,69.5 1 1
github.com/otfabric/go-bacnet/service/discovery.go:70.4,71.18 2 1
github.com/otfabric/go-bacnet/service/discovery.go:71.18,73.5 1 0
github.com/otfabric/go-bacnet/service/discovery.go:74.4,74.22 1 1
github.com/otfabric/go-bacnet/service/discovery.go:74.22,76.5 1 0
github.com/otfabric/go-bacnet/service/discovery.go:77.4,79.19 3 1
github.com/otfabric/go-bacnet/service/discovery.go:80.11,81.97 1 1
github.com/otfabric/go-bacnet/service/discovery.go:84.2,84.25 1 1
github.com/otfabric/go-bacnet/service/discovery.go:84.25,86.3 1 1
github.com/otfabric/go-bacnet/service/discovery.go:87.2,87.47 1 1
github.com/otfabric/go-bacnet/service/discovery.go:87.47,89.3 1 1
github.com/otfabric/go-bacnet/service/discovery.go:90.2,90.17 1 1
github.com/otfabric/go-bacnet/service/discovery.go:102.41,106.16 4 1
github.com/otfabric/go-bacnet/service/discovery.go:106.16,108.3 1 0
github.com/otfabric/go-bacnet/service/discovery.go:109.2,110.16 2 1
github.com/otfabric/go-bacnet/service/discovery.go:110.16,112.3 1 0
github.com/otfabric/go-bacnet/service/discovery.go:113.2,114.16 2 1
github.com/otfabric/go-bacnet/service/discovery.go:114.16,116.3 1 0
github.com/otfabric/go-bacnet/service/discovery.go:117.2,118.17 2 1
github.com/otfabric/go-bacnet/service/discovery.go:122.73,125.16 3 1
github.com/otfabric/go-bacnet/service/discovery.go:125.16,127.3 1 1
github.com/otfabric/go-bacnet/service/discovery.go:128.2,130.16 3 1
github.com/otfabric/go-bacnet/service/discovery.go:130.16,132.3 1 0
github.com/otfabric/go-bacnet/service/discovery.go:133.2,135.16 3 1
github.com/otfabric/go-bacnet/service/discovery.go:135.16,137.3 1 1
github.com/otfabric/go-bacnet/service/discovery.go:138.2,140.16 3 1
github.com/otfabric/go-bacnet/service/discovery.go:140.16,142.3 1 0
github.com/otfabric/go-bacnet/service/discovery.go:143.2,144.25 2 1
github.com/otfabric/go-bacnet/service/discovery.go:144.25,146.3 1 1
github.com/otfabric/go-bacnet/service/discovery.go:147.2,148.16 2 1
github.com/otfabric/go-bacnet/service/discovery.go:148.16,150.3 1 0
github.com/otfabric/go-bacnet/service/discovery.go:151.2,151.40 1 1
github.com/otfabric/go-bacnet/service/discovery.go:151.40,153.3 1 1
github.com/otfabric/go-bacnet/service/discovery.go:154.2,154.42 1 1
github.com/otfabric/go-bacnet/service/discovery.go:154.42,156.3 1 0
github.com/otfabric/go-bacnet/service/discovery.go:157.2,158.19 2 1
github.com/otfabric/go-bacnet/service/discovery.go:158.19,160.3 1 0
github.com/otfabric/go-bacnet/service/discovery.go:161.2,162.16 2 1
github.com/otfabric/go-bacnet/service/discovery.go:162.16,164.3 1 0
github.com/otfabric/go-bacnet/service/discovery.go:165.2,165.14 1 1
github.com/otfabric/go-bacnet/service/discovery.go:165.14,167.3 1 1
github.com/otfabric/go-bacnet/service/discovery.go:168.2,168.41 1 1
github.com/otfabric/go-bacnet/service/discovery.go:168.41,170.3 1 0
github.com/otfabric/go-bacnet/service/discovery.go:171.2,172.22 2 1
github.com/otfabric/go-bacnet/service/discovery.go:172.22,174.3 1 0
github.com/otfabric/go-bacnet/service/discovery.go:175.2,180.8 1 1
github.com/otfabric/go-bacnet/service/discovery.go:184.49,186.16 2 1
github.com/otfabric/go-bacnet/service/discovery.go:186.16,188.3 1 0
github.com/otfabric/go-bacnet/service/discovery.go:189.2,192.9 1 1
github.com/otfabric/go-bacnet/service/discovery.go:196.45,198.16 2 1
github.com/otfabric/go-bacnet/service/discovery.go:198.16,200.3 1 0
github.com/otfabric/go-bacnet/service/discovery.go:201.2,204.9 1 1
github.com/otfabric/go-bacnet/service/read_property.go:19.66,23.16 4 1
github.com/otfabric/go-bacnet/service/read_property.go:23.16,25.3 1 0
github.com/otfabric/go-bacnet/service/read_property.go:26.2,27.16 2 1
github.com/otfabric/go-bacnet/service/read_property.go:27.16,29.3 1 0
github.com/otfabric/go-bacnet/service/read_property.go:30.2,30.36 1 1
github.com/otfabric/go-bacnet/service/read_property.go:30.36,32.3 1 1
github.com/otfabric/go-bacnet/service/read_property.go:33.2,33.17 1 1
github.com/otfabric/go-bacnet/service/read_property.go:37.98,39.16 2 1
github.com/otfabric/go-bacnet/service/read_property.go:39.16,41.3 1 0
github.com/otfabric/go-bacnet/service/read_property.go:42.2,42.23 1 1
github.com/otfabric/go-bacnet/service/read_property.go:42.23,44.3 1 0
github.com/otfabric/go-bacnet/service/read_property.go:45.2,47.30 3 1
github.com/otfabric/go-bacnet/service/read_property.go:47.30,48.23 1 1
github.com/otfabric/go-bacnet/service/read_property.go:49.10,50.18 1 1
github.com/otfabric/go-bacnet/service/read_property.go:50.18,52.5 1 1
github.com/otfabric/go-bacnet/service/read_property.go:53.4,54.21 2 1
github.com/otfabric/go-bacnet/service/read_property.go:55.10,56.20 1 1
github.com/otfabric/go-bacnet/service/read_property.go:56.20,58.5 1 0
github.com/otfabric/go-bacnet/service/read_property.go:59.4,61.18 3 1
github.com/otfabric/go-bacnet/service/read_property.go:61.18,62.23 1 1
github.com/otfabric/go-bacnet/service/read_property.go:62.23,64.6 1 1
github.com/otfabric/go-bacnet/service/read_property.go:65.5,66.24 2 1
github.com/otfabric/go-bacnet/service/read_property.go:68.10,69.17 1 1
github.com/otfabric/go-bacnet/service/read_property.go:69.17,71.5 1 1
github.com/otfabric/go-bacnet/service/read_property.go:72.4,74.18 3 1
github.com/otfabric/go-bacnet/service/read_property.go:74.18,75.23 1 1
github.com/otfabric/go-bacnet/service/read_property.go:75.23,77.6 1 0
github.com/otfabric/go-bacnet/service/read_property.go:78.5,80.21 3 1
github.com/otfabric/go-bacnet/service/read_property.go:82.11,83.117 1 1
github.com/otfabric/go-bacnet/service/read_property.go:85.3,85.17 1 1
github.com/otfabric/go-bacnet/service/read_property.go:85.17,87.4 1 0
github.com/otfabric/go-bacnet/service/read_property.go:89.2,89.34 1 1
github.com/otfabric/go-bacnet/service/read_property.go:89.34,91.3 1 1
github.com/otfabric/go-bacnet/service/read_property.go:92.2,92.17 1 1
github.com/otfabric/go-bacnet/service/read_property.go:103.65,107.16 4 1
github.com/otfabric/go-bacnet/service/read_property.go:107.16,109.3 1 0
github.com/otfabric/go-bacnet/service/read_property.go:110.2,111.16 2 1
github.com/otfabric/go-bacnet/service/read_property.go:111.16,113.3 1 0
github.com/otfabric/go-bacnet/service/read_property.go:114.2,114.36 1 1
github.com/otfabric/go-bacnet/service/read_property.go:114.36,116.17 2 1
github.com/otfabric/go-bacnet/service/read_property.go:116.17,118.4 1 0
github.com/otfabric/go-bacnet/service/read_property.go:120.2,122.16 3 1
github.com/otfabric/go-bacnet/service/read_property.go:122.16,124.3 1 0
github.com/otfabric/go-bacnet/service/read_property.go:126.2,129.17 4 1
github.com/otfabric/go-bacnet/service/read_property.go:133.97,135.16 2 1
github.com/otfabric/go-bacnet/service/read_property.go:135.16,137.3 1 0
github.com/otfabric/go-bacnet/service/read_property.go:138.2,138.23 1 1
github.com/otfabric/go-bacnet/service/read_property.go:138.23,140.3 1 0
github.com/otfabric/go-bacnet/service/read_property.go:141.2,143.30 3 1
github.com/otfabric/go-bacnet/service/read_property.go:143.30,144.10 1 1
github.com/otfabric/go-bacnet/service/read_property.go:145.62,146.18 1 1
github.com/otfabric/go-bacnet/service/read_property.go:146.18,148.5 1 1
github.com/otfabric/go-bacnet/service/read_property.go:149.4,150.21 2 1
github.com/otfabric/go-bacnet/service/read_property.go:151.62,152.20 1 1
github.com/otfabric/go-bacnet/service/read_property.go:152.20,154.5 1 0
github.com/otfabric/go-bacnet/service/read_property.go:155.4,158.23 4 1
github.com/otfabric/go-bacnet/service/read_property.go:159.62,163.34 4 1
github.com/otfabric/go-bacnet/service/read_property.go:164.61,165.17 1 1
github.com/otfabric/go-bacnet/service/read_property.go:165.17,167.5 1 0
github.com/otfabric/go-bacnet/service/read_property.go:168.4,168.35 1 1
github.com/otfabric/go-bacnet/service/read_property.go:168.35,170.5 1 1
github.com/otfabric/go-bacnet/service/read_property.go:170.10,170.75 1 1
github.com/otfabric/go-bacnet/service/read_property.go:170.75,172.5 1 1
github.com/otfabric/go-bacnet/service/read_property.go:172.10,174.5 1 0
github.com/otfabric/go-bacnet/service/read_property.go:175.4,175.20 1 1
github.com/otfabric/go-bacnet/service/read_property.go:176.11,177.116 1 1
github.com/otfabric/go-bacnet/service/read_property.go:179.3,179.17 1 1
github.com/otfabric/go-bacnet/service/read_property.go:179.17,181.4 1 0
github.com/otfabric/go-bacnet/service/read_property.go:183.2,183.48 1 1
github.com/otfabric/go-bacnet/service/read_property.go:183.48,185.3 1 0
github.com/otfabric/go-bacnet/service/read_property.go:186.2,186.17 1 1
github.com/otfabric/go-bacnet/service/read_property.go:190.73,192.2 1 1
github.com/otfabric/go-bacnet/service/read_property_multiple.go:19.82,21.29 2 1
github.com/otfabric/go-bacnet/service/read_property_multiple.go:21.29,24.17 3 1
github.com/otfabric/go-bacnet/service/read_property_multiple.go:24.17,26.4 1 0
github.com/otfabric/go-bacnet/service/read_property_multiple.go:27.3,28.37 2 1
github.com/otfabric/go-bacnet/service/read_property_multiple.go:28.37,30.18 2 1
github.com/otfabric/go-bacnet/service/read_property_multiple.go:30.18,32.5 1 0
github.com/otfabric/go-bacnet/service/read_property_multiple.go:33.4,33.27 1 1
github.com/otfabric/go-bacnet/service/read_property_multiple.go:33.27,35.19 2 1
github.com/otfabric/go-bacnet/service/read_property_multiple.go:35.19,37.6 1 0
github.com/otfabric/go-bacnet/service/read_property_multiple.go:40.3,40.26 1 1
github.com/otfabric/go-bacnet/service/read_property_multiple.go:42.2,42.17 1 1
github.com/otfabric/go-bacnet/service/read_property_multiple.go:46.80,48.28 2 1
github.com/otfabric/go-bacnet/service/read_property_multiple.go:48.28,51.17 3 1
github.com/otfabric/go-bacnet/service/read_property_multiple.go:51.17,53.4 1 0
github.com/otfabric/go-bacnet/service/read_property_multiple.go:54.3,55.34 2 1
github.com/otfabric/go-bacnet/service/read_property_multiple.go:55.34,57.18 2 1
github.com/otfabric/go-bacnet/service/read_property_multiple.go:57.18,59.5 1 0
github.com/otfabric/go-bacnet/service/read_property_multiple.go:60.4,60.36 1 1
github.com/otfabric/go-bacnet/service/read_property_multiple.go:60.36,62.19 2 1
github.com/otfabric/go-bacnet/service/read_property_multiple.go:62.19,64.6 1 0
github.com/otfabric/go-bacnet/service/read_property_multiple.go:66.4,66.20 1 1
github.com/otfabric/go-bacnet/service/read_property_multiple.go:66.20,68.12 2 1
github.com/otfabric/go-bacnet/service/read_property_multiple.go:68.12,70.6 1 0
github.com/otfabric/go-bacnet/service/read_property_multiple.go:71.5,73.19 3 1
github.com/otfabric/go-bacnet/service/read_property_multiple.go:73.19,75.6 1 0
github.com/otfabric/go-bacnet/service/read_property_multiple.go:76.5,77.13 2 1
github.com/otfabric/go-bacnet/service/read_property_multiple.go:79.4,81.18 3 1
github.com/otfabric/go-bacnet/service/read_property_multiple.go:81.18,83.5 1 0
github.com/otfabric/go-bacnet/service/read_property_multiple.go:84.4,84.27 1 1
github.com/otfabric/go-bacnet/service/read_property_multiple.go:86.3,86.26 1 1
github.com/otfabric/go-bacnet/service/read_property_multiple.go:88.2,88.17 1 1
github.com/otfabric/go-bacnet/service/read_property_multiple.go:106.108,108.16 2 1
github.com/otfabric/go-bacnet/service/read_property_multiple.go:108.16,110.3 1 0
github.com/otfabric/go-bacnet/service/read_property_multiple.go:111.2,111.23 1 1
github.com/otfabric/go-bacnet/service/read_property_multiple.go:111.23,113.3 1 0
github.com/otfabric/go-bacnet/service/read_property_multiple.go:114.2,116.30 3 1
github.com/otfabric/go-bacnet/service/read_property_multiple.go:116.30,117.10 1 1
github.com/otfabric/go-bacnet/service/read_property_multiple.go:118.62,120.18 2 1
github.com/otfabric/go-bacnet/service/read_property_multiple.go:120.18,122.5 1 0
github.com/otfabric/go-bacnet/service/read_property_multiple.go:123.4,124.34 2 1
github.com/otfabric/go-bacnet/service/read_property_multiple.go:125.61,126.18 1 1
github.com/otfabric/go-bacnet/service/read_property_multiple.go:126.18,128.5 1 1
github.com/otfabric/go-bacnet/service/read_property_multiple.go:129.4,130.18 2 1
github.com/otfabric/go-bacnet/service/read_property_multiple.go:130.18,132.5 1 1
github.com/otfabric/go-bacnet/service/read_property_multiple.go:133.4,133.26 1 1
github.com/otfabric/go-bacnet/service/read_property_multiple.go:134.11,135.94 1 1
github.com/otfabric/go-bacnet/service/read_property_multiple.go:138.2,138.21 1 1
github.com/otfabric/go-bacnet/service/read_property_multiple.go:141.112,147.24 6 1
github.com/otfabric/go-bacnet/service/read_property_multiple.go:147.24,148.16 1 1
github.com/otfabric/go-bacnet/service/read_property_multiple.go:148.16,150.4 1 1
github.com/otfabric/go-bacnet/service/read_property_multiple.go:151.3,151.19 1 1
github.com/otfabric/go-bacnet/service/read_property_multiple.go:151.19,153.4 1 1
github.com/otfabric/go-bacnet/service/read_property_multiple.go:154.3,158.13 5 1
github.com/otfabric/go-bacnet/service/read_property_multiple.go:160.2,160.30 1 1
github.com/otfabric/go-bacnet/service/read_property_multiple.go:160.30,161.10 1 1
github.com/otfabric/go-bacnet/service/read_property_multiple.go:162.62,163.34 1 1
github.com/otfabric/go-bacnet/service/read_property_multiple.go:163.34,165.5 1 1
github.com/otfabric/go-bacnet/service/read_property_multiple.go:166.4,167.18 2 1
github.com/otfabric/go-bacnet/service/read_property_multiple.go:167.18,169.5 1 0
github.com/otfabric/go-bacnet/service/read_property_multiple.go:170.4,171.19 2 1
github.com/otfabric/go-bacnet/service/read_property_multiple.go:172.62,173.17 1 1
github.com/otfabric/go-bacnet/service/read_property_multiple.go:173.17,175.5 1 0
github.com/otfabric/go-bacnet/service/read_property_multiple.go:176.4,177.18 2 1
github.com/otfabric/go-bacnet/service/read_property_multiple.go:177.18,179.5 1 0
github.com/otfabric/go-bacnet/service/read_property_multiple.go:180.4,181.34 2 1
github.com/otfabric/go-bacnet/service/read_property_multiple.go:182.61,183.17 1 1
github.com/otfabric/go-bacnet/service/read_property_multiple.go:183.17,185.5 1 0
github.com/otfabric/go-bacnet/service/read_property_multiple.go:186.4,186.19 1 1
github.com/otfabric/go-bacnet/service/read_property_multiple.go:186.19,188.5 1 0
github.com/otfabric/go-bacnet/service/read_property_multiple.go:189.4,189.35 1 1
github.com/otfabric/go-bacnet/service/read_property_multiple.go:189.35,191.5 1 0
github.com/otfabric/go-bacnet/service/read_property_multiple.go:191.10,191.75 1 1
github.com/otfabric/go-bacnet/service/read_property_multiple.go:191.75,193.5 1 1
github.com/otfabric/go-bacnet/service/read_property_multiple.go:193.10,195.5 1 0
github.com/otfabric/go-bacnet/service/read_property_multiple.go:196.4,196.22 1 1
github.com/otfabric/go-bacnet/service/read_property_multiple.go:197.61,198.17 1 1
github.com/otfabric/go-bacnet/service/read_property_multiple.go:198.17,200.5 1 0
github.com/otfabric/go-bacnet/service/read_property_multiple.go:201.4,201.19 1 1
github.com/otfabric/go-bacnet/service/read_property_multiple.go:201.19,203.5 1 0
github.com/otfabric/go-bacnet/service/read_property_multiple.go:204.4,205.18 2 1
github.com/otfabric/go-bacnet/service/read_property_multiple.go:205.18,207.5 1 1
github.com/otfabric/go-bacnet/service/read_property_multiple.go:208.4,209.22 2 1
github.com/otfabric/go-bacnet/service/read_property_multiple.go:210.11,211.99 1 0
github.com/otfabric/go-bacnet/service/read_property_multiple.go:214.2,214.32 1 1
github.com/otfabric/go-bacnet/service/read_property_multiple.go:214.32,216.3 1 0
github.com/otfabric/go-bacnet/service/read_property_multiple.go:217.2,217.17 1 1
github.com/otfabric/go-bacnet/service/write_property.go:21.68,25.16 4 1
github.com/otfabric/go-bacnet/service/write_property.go:25.16,27.3 1 0
github.com/otfabric/go-bacnet/service/write_property.go:28.2,29.16 2 1
github.com/otfabric/go-bacnet/service/write_property.go:29.16,31.3 1 0
github.com/otfabric/go-bacnet/service/write_property.go:32.2,32.36 1 1
github.com/otfabric/go-bacnet/service/write_property.go:32.36,34.17 2 1
github.com/otfabric/go-bacnet/service/write_property.go:34.17,36.4 1 0
github.com/otfabric/go-bacnet/service/write_property.go:38.2,40.16 3 1
github.com/otfabric/go-bacnet/service/write_property.go:40.16,42.3 1 0
github.com/otfabric/go-bacnet/service/write_property.go:43.2,46.25 4 1
github.com/otfabric/go-bacnet/service/write_property.go:46.25,48.3 1 1
github.com/otfabric/go-bacnet/service/write_property.go:49.2,49.17 1 1
github.com/otfabric/go-bacnet/service/write_property.go:53.100,55.16 2 1
github.com/otfabric/go-bacnet/service/write_property.go:55.16,57.3 1 1
github.com/otfabric/go-bacnet/service/write_property.go:58.2,58.23 1 1
github.com/otfabric/go-bacnet/service/write_property.go:58.23,60.3 1 0
github.com/otfabric/go-bacnet/service/write_property.go:61.2,63.30 3 1
github.com/otfabric/go-bacnet/service/write_property.go:63.30,64.10 1 1
github.com/otfabric/go-bacnet/service/write_property.go:65.62,66.18 1 1
github.com/otfabric/go-bacnet/service/write_property.go:66.18,68.5 1 0
github.com/otfabric/go-bacnet/service/write_property.go:69.4,70.21 2 1
github.com/otfabric/go-bacnet/service/write_property.go:71.62,72.20 1 1
github.com/otfabric/go-bacnet/service/write_property.go:72.20,74.5 1 0
github.com/otfabric/go-bacnet/service/write_property.go:75.4,78.23 4 1
github.com/otfabric/go-bacnet/service/write_property.go:79.62,83.34 4 1
github.com/otfabric/go-bacnet/service/write_property.go:84.61,85.17 1 1
github.com/otfabric/go-bacnet/service/write_property.go:85.17,87.5 1 0
github.com/otfabric/go-bacnet/service/write_property.go:88.4,88.35 1 1
github.com/otfabric/go-bacnet/service/write_property.go:88.35,90.5 1 1
github.com/otfabric/go-bacnet/service/write_property.go:90.10,90.75 1 1
github.com/otfabric/go-bacnet/service/write_property.go:90.75,92.5 1 1
github.com/otfabric/go-bacnet/service/write_property.go:92.10,94.5 1 0
github.com/otfabric/go-bacnet/service/write_property.go:95.4,95.20 1 1
github.com/otfabric/go-bacnet/service/write_property.go:96.62,99.18 3 1
github.com/otfabric/go-bacnet/service/write_property.go:99.18,101.5 1 0
github.com/otfabric/go-bacnet/service/write_property.go:102.4,102.23 1 1
github.com/otfabric/go-bacnet/service/write_property.go:102.23,104.5 1 1
github.com/otfabric/go-bacnet/service/write_property.go:105.4,106.21 2 1
github.com/otfabric/go-bacnet/service/write_property.go:107.11,108.119 1 1
github.com/otfabric/go-bacnet/service/write_property.go:110.3,110.17 1 1
github.com/otfabric/go-bacnet/service/write_property.go:110.17,112.4 1 0
github.com/otfabric/go-bacnet/service/write_property.go:114.2,114.48 1 1
github.com/otfabric/go-bacnet/service/write_property.go:114.48,116.3 1 1
github.com/otfabric/go-bacnet/service/write_property.go:117.2,117.17 1 1
