mode: set
github.com/otfabric/go-bacnet/client/bbmd.go:25.42,27.2 1 0
github.com/otfabric/go-bacnet/client/bbmd.go:29.42,29.80 1 0
github.com/otfabric/go-bacnet/client/bbmd.go:53.90,54.25 1 0
github.com/otfabric/go-bacnet/client/bbmd.go:54.25,56.3 1 0
github.com/otfabric/go-bacnet/client/bbmd.go:57.2,58.14 2 0
github.com/otfabric/go-bacnet/client/bbmd.go:58.14,60.3 1 0
github.com/otfabric/go-bacnet/client/bbmd.go:61.2,61.26 1 0
github.com/otfabric/go-bacnet/client/bbmd.go:61.26,63.3 1 0
github.com/otfabric/go-bacnet/client/bbmd.go:64.2,65.13 2 0
github.com/otfabric/go-bacnet/client/bbmd.go:65.13,67.3 1 0
github.com/otfabric/go-bacnet/client/bbmd.go:68.2,68.41 1 0
github.com/otfabric/go-bacnet/client/bbmd.go:68.41,70.3 1 0
github.com/otfabric/go-bacnet/client/bbmd.go:72.2,80.8 2 0
github.com/otfabric/go-bacnet/client/bbmd.go:83.37,83.60 1 0
github.com/otfabric/go-bacnet/client/bbmd.go:87.49,88.29 1 0
github.com/otfabric/go-bacnet/client/bbmd.go:88.29,90.3 1 0
github.com/otfabric/go-bacnet/client/bbmd.go:91.2,91.26 1 0
github.com/otfabric/go-bacnet/client/bbmd.go:94.26,95.9 1 0
github.com/otfabric/go-bacnet/client/bbmd.go:96.18,96.18 0 0
github.com/otfabric/go-bacnet/client/bbmd.go:97.10,98.18 1 0
github.com/otfabric/go-bacnet/client/bbmd.go:102.45,113.2 6 0
github.com/otfabric/go-bacnet/client/bbmd.go:115.46,118.20 3 0
github.com/otfabric/go-bacnet/client/bbmd.go:118.20,120.3 1 0
github.com/otfabric/go-bacnet/client/bbmd.go:123.64,127.14 4 0
github.com/otfabric/go-bacnet/client/bbmd.go:127.14,134.3 2 0
github.com/otfabric/go-bacnet/client/bbmd.go:135.2,135.25 1 0
github.com/otfabric/go-bacnet/client/bbmd.go:135.25,142.3 2 0
github.com/otfabric/go-bacnet/client/bbmd.go:143.2,143.9 1 0
github.com/otfabric/go-bacnet/client/bbmd.go:144.20,144.20 0 0
github.com/otfabric/go-bacnet/client/bbmd.go:145.10,145.10 0 0
github.com/otfabric/go-bacnet/client/bbmd.go:150.27,154.30 4 0
github.com/otfabric/go-bacnet/client/bbmd.go:154.30,156.3 1 0
github.com/otfabric/go-bacnet/client/bbmd.go:157.2,157.6 1 0
github.com/otfabric/go-bacnet/client/bbmd.go:157.6,159.13 2 0
github.com/otfabric/go-bacnet/client/bbmd.go:159.13,160.11 1 0
github.com/otfabric/go-bacnet/client/bbmd.go:161.21,162.13 1 0
github.com/otfabric/go-bacnet/client/bbmd.go:163.20,164.13 1 0
github.com/otfabric/go-bacnet/client/bbmd.go:165.22,165.22 0 0
github.com/otfabric/go-bacnet/client/bbmd.go:168.3,171.17 4 0
github.com/otfabric/go-bacnet/client/bbmd.go:171.17,179.4 3 0
github.com/otfabric/go-bacnet/client/bbmd.go:180.3,181.10 2 0
github.com/otfabric/go-bacnet/client/bbmd.go:182.20,184.10 2 0
github.com/otfabric/go-bacnet/client/bbmd.go:185.19,187.10 2 0
github.com/otfabric/go-bacnet/client/bbmd.go:188.20,188.20 0 0
github.com/otfabric/go-bacnet/client/bbmd.go:193.56,202.16 5 0
github.com/otfabric/go-bacnet/client/bbmd.go:202.16,204.3 1 0
github.com/otfabric/go-bacnet/client/bbmd.go:205.2,205.89 1 0
github.com/otfabric/go-bacnet/client/bbmd.go:205.89,207.3 1 0
github.com/otfabric/go-bacnet/client/bbmd.go:208.2,210.9 3 0
github.com/otfabric/go-bacnet/client/bbmd.go:211.20,212.19 1 0
github.com/otfabric/go-bacnet/client/bbmd.go:213.19,214.26 1 0
github.com/otfabric/go-bacnet/client/bbmd.go:215.19,220.27 2 0
github.com/otfabric/go-bacnet/client/bbmd.go:221.22,222.16 1 0
github.com/otfabric/go-bacnet/client/bbmd.go:222.16,231.4 4 0
github.com/otfabric/go-bacnet/client/bbmd.go:232.3,233.13 2 0
github.com/otfabric/go-bacnet/client/capabilities.go:38.96,42.2 3 0
github.com/otfabric/go-bacnet/client/capabilities.go:45.62,46.36 1 0
github.com/otfabric/go-bacnet/client/capabilities.go:46.36,52.3 1 0
github.com/otfabric/go-bacnet/client/capabilities.go:56.63,57.35 1 0
github.com/otfabric/go-bacnet/client/capabilities.go:57.35,59.3 1 0
github.com/otfabric/go-bacnet/client/capabilities.go:60.2,60.17 1 0
github.com/otfabric/go-bacnet/client/client.go:44.43,46.27 2 1
github.com/otfabric/go-bacnet/client/client.go:46.27,48.3 1 1
github.com/otfabric/go-bacnet/client/client.go:49.2,50.22 2 1
github.com/otfabric/go-bacnet/client/client.go:50.22,52.3 1 0
github.com/otfabric/go-bacnet/client/client.go:53.2,53.21 1 1
github.com/otfabric/go-bacnet/client/client.go:53.21,55.3 1 0
github.com/otfabric/go-bacnet/client/client.go:56.2,56.97 1 1
github.com/otfabric/go-bacnet/client/client.go:56.97,58.3 1 0
github.com/otfabric/go-bacnet/client/client.go:60.2,62.26 3 1
github.com/otfabric/go-bacnet/client/client.go:62.26,64.3 1 1
github.com/otfabric/go-bacnet/client/client.go:64.8,66.17 2 0
github.com/otfabric/go-bacnet/client/client.go:66.17,68.4 1 0
github.com/otfabric/go-bacnet/client/client.go:71.2,84.19 2 1
github.com/otfabric/go-bacnet/client/client.go:84.19,86.19 2 0
github.com/otfabric/go-bacnet/client/client.go:86.19,89.4 2 0
github.com/otfabric/go-bacnet/client/client.go:90.3,90.12 1 0
github.com/otfabric/go-bacnet/client/client.go:92.2,94.17 3 1
github.com/otfabric/go-bacnet/client/client.go:94.17,97.3 2 0
github.com/otfabric/go-bacnet/client/client.go:98.2,98.15 1 1
github.com/otfabric/go-bacnet/client/client.go:102.32,104.14 2 1
github.com/otfabric/go-bacnet/client/client.go:104.14,107.3 2 0
github.com/otfabric/go-bacnet/client/client.go:108.2,115.17 7 1
github.com/otfabric/go-bacnet/client/client.go:115.17,117.3 1 0
github.com/otfabric/go-bacnet/client/client.go:118.2,120.12 3 1
github.com/otfabric/go-bacnet/client/client.go:124.48,126.2 1 0
github.com/otfabric/go-bacnet/client/client.go:129.47,131.2 1 0
github.com/otfabric/go-bacnet/client/client.go:133.34,137.2 3 1
github.com/otfabric/go-bacnet/client/client.go:139.29,142.12 3 1
github.com/otfabric/go-bacnet/client/client.go:142.12,145.3 2 1
github.com/otfabric/go-bacnet/client/client.go:146.2,146.6 1 1
github.com/otfabric/go-bacnet/client/client.go:146.6,148.17 2 1
github.com/otfabric/go-bacnet/client/client.go:148.17,149.11 1 1
github.com/otfabric/go-bacnet/client/client.go:150.21,151.11 1 1
github.com/otfabric/go-bacnet/client/client.go:152.12,153.21 1 0
github.com/otfabric/go-bacnet/client/client.go:153.21,155.6 1 0
github.com/otfabric/go-bacnet/client/client.go:156.5,157.13 2 0
github.com/otfabric/go-bacnet/client/client.go:160.3,160.22 1 1
github.com/otfabric/go-bacnet/client/client.go:170.50,172.16 2 1
github.com/otfabric/go-bacnet/client/client.go:172.16,175.3 2 0
github.com/otfabric/go-bacnet/client/client.go:176.2,178.22 3 1
github.com/otfabric/go-bacnet/client/client.go:179.119,179.119 0 1
github.com/otfabric/go-bacnet/client/client.go:181.34,183.57 1 0
github.com/otfabric/go-bacnet/client/client.go:183.57,190.4 2 0
github.com/otfabric/go-bacnet/client/client.go:191.3,191.41 1 0
github.com/otfabric/go-bacnet/client/client.go:191.41,193.4 1 0
github.com/otfabric/go-bacnet/client/client.go:194.27,195.18 1 0
github.com/otfabric/go-bacnet/client/client.go:195.18,197.4 1 0
github.com/otfabric/go-bacnet/client/client.go:198.3,198.9 1 0
github.com/otfabric/go-bacnet/client/client.go:199.42,200.9 1 0
github.com/otfabric/go-bacnet/client/client.go:201.10,203.9 1 0
github.com/otfabric/go-bacnet/client/client.go:205.2,205.23 1 1
github.com/otfabric/go-bacnet/client/client.go:205.23,207.3 1 0
github.com/otfabric/go-bacnet/client/client.go:208.2,209.16 2 1
github.com/otfabric/go-bacnet/client/client.go:209.16,212.3 2 0
github.com/otfabric/go-bacnet/client/client.go:213.2,218.54 2 1
github.com/otfabric/go-bacnet/client/client.go:218.54,221.3 1 1
github.com/otfabric/go-bacnet/client/client.go:222.2,222.22 1 1
github.com/otfabric/go-bacnet/client/client.go:222.22,225.3 2 0
github.com/otfabric/go-bacnet/client/client.go:226.2,226.22 1 1
github.com/otfabric/go-bacnet/client/client.go:226.22,228.3 1 0
github.com/otfabric/go-bacnet/client/client.go:229.2,230.16 2 1
github.com/otfabric/go-bacnet/client/client.go:230.16,233.3 2 0
github.com/otfabric/go-bacnet/client/client.go:234.2,234.29 1 1
github.com/otfabric/go-bacnet/client/client.go:237.52,238.19 1 1
github.com/otfabric/go-bacnet/client/client.go:238.19,240.3 1 0
github.com/otfabric/go-bacnet/client/client.go:241.2,244.49 4 1
github.com/otfabric/go-bacnet/client/client.go:247.76,248.18 1 1
github.com/otfabric/go-bacnet/client/client.go:249.35,250.51 1 0
github.com/otfabric/go-bacnet/client/client.go:251.96,252.38 1 1
github.com/otfabric/go-bacnet/client/client.go:253.27,254.41 1 0
github.com/otfabric/go-bacnet/client/client.go:255.33,257.57 1 0
github.com/otfabric/go-bacnet/client/client.go:258.10,259.102 1 0
github.com/otfabric/go-bacnet/client/client.go:261.2,261.7 1 1
github.com/otfabric/go-bacnet/client/client.go:264.102,266.16 2 1
github.com/otfabric/go-bacnet/client/client.go:266.16,268.3 1 0
github.com/otfabric/go-bacnet/client/client.go:269.2,270.15 2 1
github.com/otfabric/go-bacnet/client/client.go:270.15,272.39 2 0
github.com/otfabric/go-bacnet/client/client.go:272.39,276.4 3 0
github.com/otfabric/go-bacnet/client/client.go:278.2,279.16 2 1
github.com/otfabric/go-bacnet/client/client.go:279.16,281.3 1 0
github.com/otfabric/go-bacnet/client/client.go:282.2,282.93 1 1
github.com/otfabric/go-bacnet/client/client.go:285.153,294.129 2 1
github.com/otfabric/go-bacnet/client/client.go:294.129,296.3 1 1
github.com/otfabric/go-bacnet/client/client.go:297.2,297.44 1 1
github.com/otfabric/go-bacnet/client/confirmed.go:19.65,21.23 2 0
github.com/otfabric/go-bacnet/client/confirmed.go:22.33,23.23 1 0
github.com/otfabric/go-bacnet/client/confirmed.go:24.32,25.22 1 0
github.com/otfabric/go-bacnet/client/confirmed.go:26.40,27.30 1 0
github.com/otfabric/go-bacnet/client/confirmed.go:28.10,29.15 1 0
github.com/otfabric/go-bacnet/client/confirmed.go:31.2,31.65 1 0
github.com/otfabric/go-bacnet/client/confirmed.go:42.151,47.2 1 1
github.com/otfabric/go-bacnet/client/confirmed.go:54.150,55.18 1 1
github.com/otfabric/go-bacnet/client/confirmed.go:55.18,57.3 1 0
github.com/otfabric/go-bacnet/client/confirmed.go:59.2,60.16 2 1
github.com/otfabric/go-bacnet/client/confirmed.go:60.16,62.3 1 0
github.com/otfabric/go-bacnet/client/confirmed.go:63.2,64.16 2 1
github.com/otfabric/go-bacnet/client/confirmed.go:64.16,66.3 1 0
github.com/otfabric/go-bacnet/client/confirmed.go:67.2,77.35 4 1
github.com/otfabric/go-bacnet/client/confirmed.go:77.35,83.3 1 0
github.com/otfabric/go-bacnet/client/confirmed.go:85.2,86.16 2 1
github.com/otfabric/go-bacnet/client/confirmed.go:86.16,88.3 1 0
github.com/otfabric/go-bacnet/client/confirmed.go:89.2,100.38 4 1
github.com/otfabric/go-bacnet/client/confirmed.go:100.38,102.3 1 1
github.com/otfabric/go-bacnet/client/confirmed.go:103.2,118.15 4 1
github.com/otfabric/go-bacnet/client/confirmed.go:118.15,121.3 2 1
github.com/otfabric/go-bacnet/client/confirmed.go:123.2,123.95 1 1
github.com/otfabric/go-bacnet/client/confirmed.go:123.95,124.44 1 0
github.com/otfabric/go-bacnet/client/confirmed.go:124.44,126.4 1 0
github.com/otfabric/go-bacnet/client/confirmed.go:127.3,128.26 2 0
github.com/otfabric/go-bacnet/client/confirmed.go:131.2,131.6 1 1
github.com/otfabric/go-bacnet/client/confirmed.go:131.6,132.10 1 1
github.com/otfabric/go-bacnet/client/confirmed.go:133.21,135.15 2 0
github.com/otfabric/go-bacnet/client/confirmed.go:135.15,137.5 1 0
github.com/otfabric/go-bacnet/client/confirmed.go:138.4,138.63 1 0
github.com/otfabric/go-bacnet/client/confirmed.go:138.63,140.5 1 0
github.com/otfabric/go-bacnet/client/confirmed.go:141.4,142.27 2 0
github.com/otfabric/go-bacnet/client/confirmed.go:143.20,144.58 1 0
github.com/otfabric/go-bacnet/client/confirmed.go:144.58,146.5 1 0
github.com/otfabric/go-bacnet/client/confirmed.go:147.4,148.27 2 0
github.com/otfabric/go-bacnet/client/confirmed.go:149.20,150.64 1 0
github.com/otfabric/go-bacnet/client/confirmed.go:151.21,153.28 2 0
github.com/otfabric/go-bacnet/client/confirmed.go:154.32,156.13 1 0
github.com/otfabric/go-bacnet/client/confirmed.go:157.27,160.13 3 0
github.com/otfabric/go-bacnet/client/confirmed.go:161.12,163.16 2 0
github.com/otfabric/go-bacnet/client/confirmed.go:163.16,165.6 1 0
github.com/otfabric/go-bacnet/client/confirmed.go:166.5,166.62 1 0
github.com/otfabric/go-bacnet/client/confirmed.go:166.62,168.6 1 0
github.com/otfabric/go-bacnet/client/confirmed.go:169.5,170.28 2 0
github.com/otfabric/go-bacnet/client/confirmed.go:172.27,173.27 1 1
github.com/otfabric/go-bacnet/client/confirmed.go:180.88,184.2 3 1
github.com/otfabric/go-bacnet/client/confirmed.go:186.61,187.25 1 1
github.com/otfabric/go-bacnet/client/confirmed.go:187.25,189.3 1 1
github.com/otfabric/go-bacnet/client/confirmed.go:190.2,190.55 1 0
github.com/otfabric/go-bacnet/client/confirmed.go:190.55,192.3 1 0
github.com/otfabric/go-bacnet/client/confirmed.go:193.2,193.12 1 0
github.com/otfabric/go-bacnet/client/confirmed.go:196.71,197.6 1 1
github.com/otfabric/go-bacnet/client/confirmed.go:197.6,201.9 4 1
github.com/otfabric/go-bacnet/client/confirmed.go:201.9,203.4 1 1
github.com/otfabric/go-bacnet/client/confirmed.go:204.3,204.10 1 0
github.com/otfabric/go-bacnet/client/confirmed.go:205.21,206.23 1 0
github.com/otfabric/go-bacnet/client/confirmed.go:207.20,208.30 1 0
github.com/otfabric/go-bacnet/client/confirmed.go:209.46,209.46 0 0
github.com/otfabric/go-bacnet/client/confirmed.go:214.74,217.18 3 1
github.com/otfabric/go-bacnet/client/confirmed.go:218.26,220.40 2 0
github.com/otfabric/go-bacnet/client/confirmed.go:221.27,222.38 1 1
github.com/otfabric/go-bacnet/client/confirmed.go:222.38,224.21 2 1
github.com/otfabric/go-bacnet/client/confirmed.go:224.21,227.5 2 0
github.com/otfabric/go-bacnet/client/confirmed.go:228.4,228.13 1 1
github.com/otfabric/go-bacnet/client/confirmed.go:228.13,230.5 1 1
github.com/otfabric/go-bacnet/client/confirmed.go:231.4,231.14 1 1
github.com/otfabric/go-bacnet/client/confirmed.go:233.3,234.41 2 1
github.com/otfabric/go-bacnet/client/confirmed.go:235.22,237.36 2 0
github.com/otfabric/go-bacnet/client/confirmed.go:238.23,239.33 1 0
github.com/otfabric/go-bacnet/client/confirmed.go:240.22,241.32 1 0
github.com/otfabric/go-bacnet/client/confirmed.go:242.10,243.9 1 0
github.com/otfabric/go-bacnet/client/confirmed.go:246.2,247.15 2 1
github.com/otfabric/go-bacnet/client/confirmed.go:247.15,250.3 2 0
github.com/otfabric/go-bacnet/client/confirmed.go:251.2,251.32 1 1
github.com/otfabric/go-bacnet/client/confirmed.go:251.32,254.3 2 0
github.com/otfabric/go-bacnet/client/confirmed.go:255.2,255.123 1 1
github.com/otfabric/go-bacnet/client/confirmed.go:255.123,258.3 2 0
github.com/otfabric/go-bacnet/client/confirmed.go:260.2,261.18 2 1
github.com/otfabric/go-bacnet/client/confirmed.go:262.22,264.15 2 0
github.com/otfabric/go-bacnet/client/confirmed.go:264.15,266.4 1 0
github.com/otfabric/go-bacnet/client/confirmed.go:266.9,268.4 1 0
github.com/otfabric/go-bacnet/client/confirmed.go:269.23,270.75 1 0
github.com/otfabric/go-bacnet/client/confirmed.go:271.22,272.99 1 0
github.com/otfabric/go-bacnet/client/confirmed.go:273.47,273.47 0 1
github.com/otfabric/go-bacnet/client/confirmed.go:274.10,275.9 1 0
github.com/otfabric/go-bacnet/client/confirmed.go:277.2,277.81 1 1
github.com/otfabric/go-bacnet/client/confirmed.go:280.90,281.16 1 0
github.com/otfabric/go-bacnet/client/confirmed.go:281.16,283.3 1 0
github.com/otfabric/go-bacnet/client/confirmed.go:284.2,285.27 2 0
github.com/otfabric/go-bacnet/client/confirmed.go:286.32,288.17 2 0
github.com/otfabric/go-bacnet/client/confirmed.go:288.17,291.4 2 0
github.com/otfabric/go-bacnet/client/confirmed.go:292.3,295.88 4 0
github.com/otfabric/go-bacnet/client/confirmed.go:295.88,301.4 1 0
github.com/otfabric/go-bacnet/client/confirmed.go:302.3,306.34 2 0
github.com/otfabric/go-bacnet/client/confirmed.go:307.10,308.124 1 0
github.com/otfabric/go-bacnet/client/confirmed.go:313.59,314.35 1 0
github.com/otfabric/go-bacnet/client/confirmed.go:315.66,316.27 1 0
github.com/otfabric/go-bacnet/client/confirmed.go:317.10,318.26 1 0
github.com/otfabric/go-bacnet/client/cov.go:71.58,71.77 1 0
github.com/otfabric/go-bacnet/client/cov.go:73.38,75.24 2 0
github.com/otfabric/go-bacnet/client/cov.go:75.24,77.33 2 0
github.com/otfabric/go-bacnet/client/cov.go:77.33,79.4 1 0
github.com/otfabric/go-bacnet/client/cov.go:80.3,84.24 4 0
github.com/otfabric/go-bacnet/client/cov.go:84.24,93.16 2 0
github.com/otfabric/go-bacnet/client/cov.go:93.16,95.5 1 0
github.com/otfabric/go-bacnet/client/cov.go:95.10,97.5 1 0
github.com/otfabric/go-bacnet/client/cov.go:98.9,104.4 1 0
github.com/otfabric/go-bacnet/client/cov.go:105.3,108.23 3 0
github.com/otfabric/go-bacnet/client/cov.go:110.2,110.12 1 0
github.com/otfabric/go-bacnet/client/cov.go:113.51,115.2 1 0
github.com/otfabric/go-bacnet/client/cov.go:117.42,118.6 1 0
github.com/otfabric/go-bacnet/client/cov.go:118.6,121.61 3 0
github.com/otfabric/go-bacnet/client/cov.go:121.61,123.4 1 0
github.com/otfabric/go-bacnet/client/cov.go:124.3,124.64 1 0
github.com/otfabric/go-bacnet/client/cov.go:124.64,126.4 1 0
github.com/otfabric/go-bacnet/client/cov.go:130.67,131.6 1 0
github.com/otfabric/go-bacnet/client/cov.go:131.6,133.51 2 0
github.com/otfabric/go-bacnet/client/cov.go:133.51,135.4 1 0
github.com/otfabric/go-bacnet/client/cov.go:136.3,136.48 1 0
github.com/otfabric/go-bacnet/client/cov.go:136.48,138.4 1 0
github.com/otfabric/go-bacnet/client/cov.go:142.51,145.14 3 0
github.com/otfabric/go-bacnet/client/cov.go:145.14,147.3 1 0
github.com/otfabric/go-bacnet/client/cov.go:149.2,151.46 3 0
github.com/otfabric/go-bacnet/client/cov.go:151.46,154.3 1 0
github.com/otfabric/go-bacnet/client/cov.go:156.2,156.48 1 0
github.com/otfabric/go-bacnet/client/cov.go:156.48,161.3 4 0
github.com/otfabric/go-bacnet/client/cov.go:163.2,165.33 3 0
github.com/otfabric/go-bacnet/client/cov.go:165.33,168.3 2 0
github.com/otfabric/go-bacnet/client/cov.go:170.2,170.9 1 0
github.com/otfabric/go-bacnet/client/cov.go:171.22,172.17 1 0
github.com/otfabric/go-bacnet/client/cov.go:172.17,175.4 2 0
github.com/otfabric/go-bacnet/client/cov.go:176.10,177.17 1 0
github.com/otfabric/go-bacnet/client/cov.go:177.17,182.4 3 0
github.com/otfabric/go-bacnet/client/cov.go:183.3,185.22 3 0
github.com/otfabric/go-bacnet/client/cov.go:196.63,198.2 1 1
github.com/otfabric/go-bacnet/client/cov.go:200.57,204.2 3 0
github.com/otfabric/go-bacnet/client/cov.go:206.53,210.2 3 0
github.com/otfabric/go-bacnet/client/cov.go:212.97,216.40 4 0
github.com/otfabric/go-bacnet/client/cov.go:216.40,218.3 1 0
github.com/otfabric/go-bacnet/client/cov.go:219.2,220.38 2 0
github.com/otfabric/go-bacnet/client/cov.go:220.38,222.3 1 0
github.com/otfabric/go-bacnet/client/cov.go:223.2,223.39 1 0
github.com/otfabric/go-bacnet/client/cov.go:223.39,225.3 1 0
github.com/otfabric/go-bacnet/client/cov.go:226.2,226.12 1 0
github.com/otfabric/go-bacnet/client/cov.go:229.42,232.27 3 1
github.com/otfabric/go-bacnet/client/cov.go:232.27,234.3 1 0
github.com/otfabric/go-bacnet/client/cov.go:235.2,237.25 3 1
github.com/otfabric/go-bacnet/client/cov.go:237.25,238.25 1 0
github.com/otfabric/go-bacnet/client/cov.go:238.25,243.4 4 0
github.com/otfabric/go-bacnet/client/cov.go:247.47,252.17 5 0
github.com/otfabric/go-bacnet/client/cov.go:252.17,254.3 1 0
github.com/otfabric/go-bacnet/client/cov.go:255.2,255.11 1 0
github.com/otfabric/go-bacnet/client/cov.go:266.138,267.24 1 0
github.com/otfabric/go-bacnet/client/cov.go:267.24,269.3 1 0
github.com/otfabric/go-bacnet/client/cov.go:270.2,270.26 1 0
github.com/otfabric/go-bacnet/client/cov.go:270.26,272.3 1 0
github.com/otfabric/go-bacnet/client/cov.go:273.2,296.57 7 0
github.com/otfabric/go-bacnet/client/cov.go:296.57,305.3 8 0
github.com/otfabric/go-bacnet/client/cov.go:306.2,311.15 5 0
github.com/otfabric/go-bacnet/client/cov.go:314.106,316.16 2 0
github.com/otfabric/go-bacnet/client/cov.go:316.16,318.3 1 0
github.com/otfabric/go-bacnet/client/cov.go:319.2,320.16 2 0
github.com/otfabric/go-bacnet/client/cov.go:320.16,322.3 1 0
github.com/otfabric/go-bacnet/client/cov.go:323.2,323.57 1 0
github.com/otfabric/go-bacnet/client/cov.go:323.57,325.3 1 0
github.com/otfabric/go-bacnet/client/cov.go:326.2,326.12 1 0
github.com/otfabric/go-bacnet/client/cov.go:330.204,331.24 1 0
github.com/otfabric/go-bacnet/client/cov.go:331.24,333.3 1 0
github.com/otfabric/go-bacnet/client/cov.go:334.2,334.26 1 0
github.com/otfabric/go-bacnet/client/cov.go:334.26,336.3 1 0
github.com/otfabric/go-bacnet/client/cov.go:337.2,341.25 5 0
github.com/otfabric/go-bacnet/client/cov.go:341.25,344.3 2 0
github.com/otfabric/go-bacnet/client/cov.go:345.2,373.16 6 0
github.com/otfabric/go-bacnet/client/cov.go:373.16,382.3 8 0
github.com/otfabric/go-bacnet/client/cov.go:383.2,384.16 2 0
github.com/otfabric/go-bacnet/client/cov.go:384.16,393.3 8 0
github.com/otfabric/go-bacnet/client/cov.go:394.2,394.36 1 0
github.com/otfabric/go-bacnet/client/cov.go:394.36,403.3 8 0
github.com/otfabric/go-bacnet/client/cov.go:404.2,408.15 5 0
github.com/otfabric/go-bacnet/client/cov.go:411.55,416.28 4 0
github.com/otfabric/go-bacnet/client/cov.go:416.28,418.3 1 0
github.com/otfabric/go-bacnet/client/cov.go:419.2,419.6 1 0
github.com/otfabric/go-bacnet/client/cov.go:419.6,421.10 2 0
github.com/otfabric/go-bacnet/client/cov.go:422.21,424.10 2 0
github.com/otfabric/go-bacnet/client/cov.go:425.22,427.10 2 0
github.com/otfabric/go-bacnet/client/cov.go:428.20,429.63 1 0
github.com/otfabric/go-bacnet/client/cov.go:429.63,431.5 1 0
github.com/otfabric/go-bacnet/client/cov.go:432.4,432.46 1 0
github.com/otfabric/go-bacnet/client/cov.go:432.46,434.5 1 0
github.com/otfabric/go-bacnet/client/cov.go:435.4,439.25 5 0
github.com/otfabric/go-bacnet/client/cov.go:439.25,450.17 2 0
github.com/otfabric/go-bacnet/client/cov.go:450.17,452.6 1 0
github.com/otfabric/go-bacnet/client/cov.go:452.11,454.54 2 0
github.com/otfabric/go-bacnet/client/cov.go:454.54,456.7 1 0
github.com/otfabric/go-bacnet/client/cov.go:458.10,465.5 1 0
github.com/otfabric/go-bacnet/client/cov.go:466.4,467.63 2 0
github.com/otfabric/go-bacnet/client/cov.go:467.63,469.5 1 0
github.com/otfabric/go-bacnet/client/cov.go:470.4,470.18 1 0
github.com/otfabric/go-bacnet/client/cov.go:470.18,473.13 3 0
github.com/otfabric/go-bacnet/client/cov.go:475.4,475.44 1 0
github.com/otfabric/go-bacnet/client/cov.go:475.44,477.5 1 0
github.com/otfabric/go-bacnet/client/cov.go:478.4,478.56 1 0
github.com/otfabric/go-bacnet/client/cov.go:483.106,485.16 2 0
github.com/otfabric/go-bacnet/client/cov.go:485.16,487.3 1 0
github.com/otfabric/go-bacnet/client/cov.go:488.2,488.16 1 0
github.com/otfabric/go-bacnet/client/discovery.go:34.113,35.18 1 0
github.com/otfabric/go-bacnet/client/discovery.go:35.18,37.3 1 0
github.com/otfabric/go-bacnet/client/discovery.go:38.2,39.16 2 0
github.com/otfabric/go-bacnet/client/discovery.go:39.16,41.3 1 0
github.com/otfabric/go-bacnet/client/discovery.go:42.2,50.30 3 0
github.com/otfabric/go-bacnet/client/discovery.go:51.97,52.26 1 0
github.com/otfabric/go-bacnet/client/discovery.go:53.10,54.16 1 0
github.com/otfabric/go-bacnet/client/discovery.go:54.16,56.4 1 0
github.com/otfabric/go-bacnet/client/discovery.go:58.2,58.69 1 0
github.com/otfabric/go-bacnet/client/discovery.go:68.100,69.18 1 0
github.com/otfabric/go-bacnet/client/discovery.go:69.18,71.3 1 0
github.com/otfabric/go-bacnet/client/discovery.go:72.2,73.15 2 0
github.com/otfabric/go-bacnet/client/discovery.go:73.15,75.3 1 0
github.com/otfabric/go-bacnet/client/discovery.go:76.2,77.60 2 0
github.com/otfabric/go-bacnet/client/discovery.go:77.60,79.3 1 0
github.com/otfabric/go-bacnet/client/discovery.go:80.2,80.9 1 0
github.com/otfabric/go-bacnet/client/discovery.go:81.20,82.41 1 0
github.com/otfabric/go-bacnet/client/discovery.go:83.19,84.48 1 0
github.com/otfabric/go-bacnet/client/discovery.go:88.84,89.16 1 0
github.com/otfabric/go-bacnet/client/discovery.go:89.16,91.3 1 0
github.com/otfabric/go-bacnet/client/discovery.go:92.2,92.27 1 0
github.com/otfabric/go-bacnet/client/discovery.go:93.23,95.17 2 0
github.com/otfabric/go-bacnet/client/discovery.go:95.17,98.4 2 0
github.com/otfabric/go-bacnet/client/discovery.go:99.3,109.33 4 0
github.com/otfabric/go-bacnet/client/discovery.go:109.33,111.4 1 0
github.com/otfabric/go-bacnet/client/discovery.go:112.3,112.20 1 0
github.com/otfabric/go-bacnet/client/discovery.go:113.34,115.17 2 0
github.com/otfabric/go-bacnet/client/discovery.go:115.17,118.4 2 0
github.com/otfabric/go-bacnet/client/discovery.go:119.3,122.34 1 0
github.com/otfabric/go-bacnet/client/invoke.go:27.154,32.2 1 0
github.com/otfabric/go-bacnet/client/maxapdu.go:15.72,16.20 1 1
github.com/otfabric/go-bacnet/client/maxapdu.go:16.20,18.3 1 0
github.com/otfabric/go-bacnet/client/maxapdu.go:19.2,19.32 1 1
github.com/otfabric/go-bacnet/client/maxapdu.go:19.32,21.3 1 0
github.com/otfabric/go-bacnet/client/maxapdu.go:22.2,23.20 2 1
github.com/otfabric/go-bacnet/client/maxapdu.go:23.20,25.3 1 1
github.com/otfabric/go-bacnet/client/maxapdu.go:26.2,26.20 1 1
github.com/otfabric/go-bacnet/client/maxapdu.go:26.20,28.3 1 0
github.com/otfabric/go-bacnet/client/maxapdu.go:29.2,29.32 1 1
github.com/otfabric/go-bacnet/client/maxapdu.go:29.32,31.3 1 0
github.com/otfabric/go-bacnet/client/maxapdu.go:32.2,32.61 1 1
github.com/otfabric/go-bacnet/client/maxapdu.go:32.61,34.3 1 0
github.com/otfabric/go-bacnet/client/maxapdu.go:35.2,35.12 1 1
github.com/otfabric/go-bacnet/client/maxapdu.go:38.54,40.19 2 1
github.com/otfabric/go-bacnet/client/maxapdu.go:40.19,41.44 1 1
github.com/otfabric/go-bacnet/client/maxapdu.go:41.44,43.4 1 0
github.com/otfabric/go-bacnet/client/maxapdu.go:44.3,44.42 1 1
github.com/otfabric/go-bacnet/client/maxapdu.go:46.2,46.19 1 1
github.com/otfabric/go-bacnet/client/maxapdu.go:46.19,48.3 1 0
github.com/otfabric/go-bacnet/client/maxapdu.go:49.2,49.22 1 1
github.com/otfabric/go-bacnet/client/options.go:55.29,67.2 1 1
github.com/otfabric/go-bacnet/client/options.go:70.40,71.25 1 0
github.com/otfabric/go-bacnet/client/options.go:71.25,71.43 1 0
github.com/otfabric/go-bacnet/client/options.go:75.40,76.25 1 0
github.com/otfabric/go-bacnet/client/options.go:76.25,76.47 1 0
github.com/otfabric/go-bacnet/client/options.go:80.32,81.25 1 0
github.com/otfabric/go-bacnet/client/options.go:81.25,81.42 1 0
github.com/otfabric/go-bacnet/client/options.go:85.53,86.25 1 0
github.com/otfabric/go-bacnet/client/options.go:86.25,86.41 1 0
github.com/otfabric/go-bacnet/client/options.go:101.48,102.25 1 0
github.com/otfabric/go-bacnet/client/options.go:102.25,102.55 1 0
github.com/otfabric/go-bacnet/client/options.go:106.40,107.25 1 1
github.com/otfabric/go-bacnet/client/options.go:107.25,107.42 1 1
github.com/otfabric/go-bacnet/client/options.go:112.53,113.25 1 0
github.com/otfabric/go-bacnet/client/options.go:113.25,114.16 1 0
github.com/otfabric/go-bacnet/client/options.go:114.16,117.4 2 0
github.com/otfabric/go-bacnet/client/options.go:118.3,118.41 1 0
github.com/otfabric/go-bacnet/client/options.go:118.41,120.4 1 0
github.com/otfabric/go-bacnet/client/options.go:125.40,126.25 1 1
github.com/otfabric/go-bacnet/client/options.go:126.25,126.44 1 1
github.com/otfabric/go-bacnet/client/options.go:130.109,131.25 1 1
github.com/otfabric/go-bacnet/client/options.go:131.25,132.22 1 1
github.com/otfabric/go-bacnet/client/options.go:132.22,134.4 1 1
github.com/otfabric/go-bacnet/client/options.go:135.3,135.22 1 1
github.com/otfabric/go-bacnet/client/options.go:135.22,137.4 1 1
github.com/otfabric/go-bacnet/client/options.go:138.3,138.25 1 1
github.com/otfabric/go-bacnet/client/options.go:138.25,140.4 1 1
github.com/otfabric/go-bacnet/client/options.go:145.55,146.25 1 0
github.com/otfabric/go-bacnet/client/options.go:146.25,146.39 1 0
github.com/otfabric/go-bacnet/client/path.go:11.62,12.32 1 1
github.com/otfabric/go-bacnet/client/path.go:13.66,14.47 1 0
github.com/otfabric/go-bacnet/client/path.go:14.47,16.4 1 0
github.com/otfabric/go-bacnet/client/path.go:17.3,17.100 1 0
github.com/otfabric/go-bacnet/client/path.go:17.100,19.4 1 0
github.com/otfabric/go-bacnet/client/path.go:20.3,20.14 1 0
github.com/otfabric/go-bacnet/client/path.go:21.95,23.30 1 1
github.com/otfabric/go-bacnet/client/path.go:23.30,24.65 1 0
github.com/otfabric/go-bacnet/client/path.go:24.65,26.5 1 0
github.com/otfabric/go-bacnet/client/path.go:27.4,27.101 1 0
github.com/otfabric/go-bacnet/client/path.go:27.101,29.5 1 0
github.com/otfabric/go-bacnet/client/path.go:30.4,30.15 1 0
github.com/otfabric/go-bacnet/client/path.go:32.3,32.122 1 1
github.com/otfabric/go-bacnet/client/path.go:32.122,33.48 1 1
github.com/otfabric/go-bacnet/client/path.go:33.48,35.5 1 0
github.com/otfabric/go-bacnet/client/path.go:37.3,37.100 1 1
github.com/otfabric/go-bacnet/client/path.go:37.100,39.4 1 0
github.com/otfabric/go-bacnet/client/path.go:40.3,40.14 1 1
github.com/otfabric/go-bacnet/client/path.go:41.10,42.15 1 0
github.com/otfabric/go-bacnet/client/read.go:14.167,19.16 2 1
github.com/otfabric/go-bacnet/client/read.go:19.16,21.3 1 0
github.com/otfabric/go-bacnet/client/read.go:22.2,23.16 2 1
github.com/otfabric/go-bacnet/client/read.go:23.16,25.3 1 0
github.com/otfabric/go-bacnet/client/read.go:26.2,26.62 1 1
github.com/otfabric/go-bacnet/client/read.go:26.62,28.3 1 0
github.com/otfabric/go-bacnet/client/read.go:29.2,30.16 2 1
github.com/otfabric/go-bacnet/client/read.go:30.16,32.3 1 0
github.com/otfabric/go-bacnet/client/read.go:33.2,33.59 1 1
github.com/otfabric/go-bacnet/client/read.go:33.59,35.3 1 0
github.com/otfabric/go-bacnet/client/read.go:36.2,36.23 1 1
github.com/otfabric/go-bacnet/client/read.go:41.152,43.16 2 0
github.com/otfabric/go-bacnet/client/read.go:43.16,45.3 1 0
github.com/otfabric/go-bacnet/client/read.go:46.2,47.16 2 0
github.com/otfabric/go-bacnet/client/read.go:47.16,49.3 1 0
github.com/otfabric/go-bacnet/client/read.go:50.2,50.62 1 0
github.com/otfabric/go-bacnet/client/read.go:50.62,52.3 1 0
github.com/otfabric/go-bacnet/client/read.go:53.2,53.80 1 0
github.com/otfabric/go-bacnet/client/registry.go:31.48,38.2 1 0
github.com/otfabric/go-bacnet/client/registry.go:48.41,54.2 1 1
github.com/otfabric/go-bacnet/client/registry.go:57.48,63.30 6 0
github.com/otfabric/go-bacnet/client/registry.go:63.30,64.14 1 0
github.com/otfabric/go-bacnet/client/registry.go:64.14,66.9 2 0
github.com/otfabric/go-bacnet/client/registry.go:69.2,69.19 1 0
github.com/otfabric/go-bacnet/client/registry.go:69.19,79.3 1 0
github.com/otfabric/go-bacnet/client/registry.go:80.2,80.31 1 0
github.com/otfabric/go-bacnet/client/registry.go:80.31,86.3 3 0
github.com/otfabric/go-bacnet/client/registry.go:87.2,89.46 3 0
github.com/otfabric/go-bacnet/client/registry.go:89.46,90.14 1 0
github.com/otfabric/go-bacnet/client/registry.go:90.14,92.9 2 0
github.com/otfabric/go-bacnet/client/registry.go:95.2,95.12 1 0
github.com/otfabric/go-bacnet/client/registry.go:95.12,97.3 1 0
github.com/otfabric/go-bacnet/client/registry.go:98.2,100.21 2 0
github.com/otfabric/go-bacnet/client/registry.go:100.21,102.3 1 0
github.com/otfabric/go-bacnet/client/registry.go:105.45,106.11 1 0
github.com/otfabric/go-bacnet/client/registry.go:107.30,108.11 1 0
github.com/otfabric/go-bacnet/client/registry.go:109.34,110.11 1 0
github.com/otfabric/go-bacnet/client/registry.go:111.25,112.11 1 0
github.com/otfabric/go-bacnet/client/registry.go:113.38,114.11 1 0
github.com/otfabric/go-bacnet/client/registry.go:115.10,116.11 1 0
github.com/otfabric/go-bacnet/client/registry.go:120.73,127.2 6 0
github.com/otfabric/go-bacnet/client/registry.go:129.61,130.16 1 0
github.com/otfabric/go-bacnet/client/registry.go:130.16,132.3 1 0
github.com/otfabric/go-bacnet/client/registry.go:133.2,133.76 1 0
github.com/otfabric/go-bacnet/client/registry.go:133.76,135.3 1 0
github.com/otfabric/go-bacnet/client/registry.go:139.82,142.28 3 0
github.com/otfabric/go-bacnet/client/registry.go:142.28,143.116 1 0
github.com/otfabric/go-bacnet/client/registry.go:143.116,144.40 1 0
github.com/otfabric/go-bacnet/client/registry.go:144.40,145.13 1 0
github.com/otfabric/go-bacnet/client/registry.go:148.3,148.104 1 0
github.com/otfabric/go-bacnet/client/registry.go:148.104,149.12 1 0
github.com/otfabric/go-bacnet/client/registry.go:151.3,151.30 1 0
github.com/otfabric/go-bacnet/client/registry.go:151.30,152.61 1 0
github.com/otfabric/go-bacnet/client/registry.go:152.61,153.13 1 0
github.com/otfabric/go-bacnet/client/registry.go:156.3,156.30 1 0
github.com/otfabric/go-bacnet/client/registry.go:158.2,158.36 1 0
github.com/otfabric/go-bacnet/client/registry.go:162.55,166.28 4 0
github.com/otfabric/go-bacnet/client/registry.go:166.28,168.3 1 0
github.com/otfabric/go-bacnet/client/registry.go:169.2,169.12 1 0
github.com/otfabric/go-bacnet/client/registry.go:173.68,178.25 5 0
github.com/otfabric/go-bacnet/client/registry.go:178.25,179.30 1 0
github.com/otfabric/go-bacnet/client/registry.go:179.30,181.4 1 0
github.com/otfabric/go-bacnet/client/registry.go:183.2,183.12 1 0
github.com/otfabric/go-bacnet/client/routing.go:29.36,34.2 1 1
github.com/otfabric/go-bacnet/client/routing.go:36.96,45.2 3 0
github.com/otfabric/go-bacnet/client/routing.go:47.83,51.9 4 0
github.com/otfabric/go-bacnet/client/routing.go:51.9,53.3 1 0
github.com/otfabric/go-bacnet/client/routing.go:54.2,54.46 1 0
github.com/otfabric/go-bacnet/client/routing.go:54.46,56.3 1 0
github.com/otfabric/go-bacnet/client/routing.go:57.2,57.24 1 0
github.com/otfabric/go-bacnet/client/routing.go:60.70,61.22 1 0
github.com/otfabric/go-bacnet/client/routing.go:62.37,64.34 2 0
github.com/otfabric/go-bacnet/client/routing.go:64.34,68.4 3 0
github.com/otfabric/go-bacnet/client/routing.go:69.39,69.39 0 0
github.com/otfabric/go-bacnet/client/routing.go:71.10,72.135 1 0
github.com/otfabric/go-bacnet/client/routing.go:78.83,80.2 1 0
github.com/otfabric/go-bacnet/client/routing.go:85.120,86.18 1 0
github.com/otfabric/go-bacnet/client/routing.go:86.18,88.3 1 0
github.com/otfabric/go-bacnet/client/routing.go:89.2,90.20 2 0
github.com/otfabric/go-bacnet/client/routing.go:90.20,92.3 1 0
github.com/otfabric/go-bacnet/client/routing.go:93.2,100.44 2 0
github.com/otfabric/go-bacnet/client/routing.go:104.90,106.98 2 0
github.com/otfabric/go-bacnet/client/routing.go:106.98,107.70 1 0
github.com/otfabric/go-bacnet/client/routing.go:107.70,109.4 1 0
github.com/otfabric/go-bacnet/client/routing.go:109.9,109.31 1 0
github.com/otfabric/go-bacnet/client/routing.go:109.31,111.4 1 0
github.com/otfabric/go-bacnet/client/routing.go:113.2,113.15 1 0
github.com/otfabric/go-bacnet/client/segmentation.go:58.130,59.25 1 1
github.com/otfabric/go-bacnet/client/segmentation.go:59.25,61.3 1 0
github.com/otfabric/go-bacnet/client/segmentation.go:62.2,62.16 1 1
github.com/otfabric/go-bacnet/client/segmentation.go:62.16,64.3 1 0
github.com/otfabric/go-bacnet/client/segmentation.go:65.2,72.3 1 1
github.com/otfabric/go-bacnet/client/segmentation.go:75.127,77.15 2 1
github.com/otfabric/go-bacnet/client/segmentation.go:77.15,80.3 2 0
github.com/otfabric/go-bacnet/client/segmentation.go:81.2,81.32 1 1
github.com/otfabric/go-bacnet/client/segmentation.go:81.32,84.3 2 0
github.com/otfabric/go-bacnet/client/segmentation.go:85.2,85.82 1 1
github.com/otfabric/go-bacnet/client/segmentation.go:85.82,88.3 2 0
github.com/otfabric/go-bacnet/client/segmentation.go:90.2,93.9 4 1
github.com/otfabric/go-bacnet/client/segmentation.go:93.9,94.30 1 1
github.com/otfabric/go-bacnet/client/segmentation.go:94.30,98.4 3 0
github.com/otfabric/go-bacnet/client/segmentation.go:99.3,99.41 1 1
github.com/otfabric/go-bacnet/client/segmentation.go:99.41,102.4 2 0
github.com/otfabric/go-bacnet/client/segmentation.go:103.3,104.68 2 1
github.com/otfabric/go-bacnet/client/segmentation.go:104.68,106.4 1 0
github.com/otfabric/go-bacnet/client/segmentation.go:107.3,107.18 1 1
github.com/otfabric/go-bacnet/client/segmentation.go:107.18,109.4 1 0
github.com/otfabric/go-bacnet/client/segmentation.go:110.3,123.24 5 1
github.com/otfabric/go-bacnet/client/segmentation.go:124.8,124.44 1 1
github.com/otfabric/go-bacnet/client/segmentation.go:124.44,130.3 5 0
github.com/otfabric/go-bacnet/client/segmentation.go:132.2,132.38 1 1
github.com/otfabric/go-bacnet/client/segmentation.go:132.38,133.51 1 0
github.com/otfabric/go-bacnet/client/segmentation.go:133.51,138.4 4 0
github.com/otfabric/go-bacnet/client/segmentation.go:139.3,142.32 4 0
github.com/otfabric/go-bacnet/client/segmentation.go:145.2,145.46 1 1
github.com/otfabric/go-bacnet/client/segmentation.go:145.46,152.3 6 0
github.com/otfabric/go-bacnet/client/segmentation.go:153.2,153.64 1 1
github.com/otfabric/go-bacnet/client/segmentation.go:153.64,160.3 6 0
github.com/otfabric/go-bacnet/client/segmentation.go:162.2,167.21 6 1
github.com/otfabric/go-bacnet/client/segmentation.go:167.21,169.3 1 1
github.com/otfabric/go-bacnet/client/segmentation.go:171.2,173.25 3 1
github.com/otfabric/go-bacnet/client/segmentation.go:173.25,176.3 2 1
github.com/otfabric/go-bacnet/client/segmentation.go:177.2,177.11 1 1
github.com/otfabric/go-bacnet/client/segmentation.go:177.11,181.3 3 1
github.com/otfabric/go-bacnet/client/segmentation.go:183.2,195.14 6 1
github.com/otfabric/go-bacnet/client/segmentation.go:198.45,201.2 2 0
github.com/otfabric/go-bacnet/client/segmentation.go:203.80,205.13 2 1
github.com/otfabric/go-bacnet/client/segmentation.go:205.13,207.3 1 1
github.com/otfabric/go-bacnet/client/segmentation.go:208.2,220.3 1 1
github.com/otfabric/go-bacnet/client/segmentation.go:223.83,235.2 1 0
github.com/otfabric/go-bacnet/client/segmentation.go:237.56,238.28 1 1
github.com/otfabric/go-bacnet/client/segmentation.go:238.28,239.17 1 1
github.com/otfabric/go-bacnet/client/segmentation.go:239.17,240.12 1 0
github.com/otfabric/go-bacnet/client/segmentation.go:242.3,242.113 1 1
github.com/otfabric/go-bacnet/client/segmentation.go:242.113,248.4 1 0
github.com/otfabric/go-bacnet/client/segmentation.go:252.54,254.9 2 1
github.com/otfabric/go-bacnet/client/segmentation.go:255.22,258.23 3 0
github.com/otfabric/go-bacnet/client/segmentation.go:258.23,261.4 2 0
github.com/otfabric/go-bacnet/client/segmentation.go:262.3,270.46 9 0
github.com/otfabric/go-bacnet/client/segmentation.go:271.17,271.17 0 1
github.com/otfabric/go-bacnet/client/segmentation.go:275.50,279.2 3 1
github.com/otfabric/go-bacnet/client/segmentation.go:281.56,283.9 2 1
github.com/otfabric/go-bacnet/client/segmentation.go:283.9,285.3 1 1
github.com/otfabric/go-bacnet/client/segmentation.go:286.2,286.21 1 1
github.com/otfabric/go-bacnet/client/segmentation.go:286.21,288.3 1 1
github.com/otfabric/go-bacnet/client/segmentation.go:289.2,289.9 1 1
github.com/otfabric/go-bacnet/client/segmentation.go:290.17,290.17 0 0
github.com/otfabric/go-bacnet/client/segmentation.go:291.10,292.17 1 1
github.com/otfabric/go-bacnet/client/segmentation.go:294.2,294.28 1 1
github.com/otfabric/go-bacnet/client/segmentation.go:297.38,300.27 3 1
github.com/otfabric/go-bacnet/client/segmentation.go:300.27,302.3 1 0
github.com/otfabric/go-bacnet/client/segmentation.go:305.66,307.2 1 0
github.com/otfabric/go-bacnet/client/transaction.go:23.68,24.23 1 1
github.com/otfabric/go-bacnet/client/transaction.go:25.33,26.28 1 0
github.com/otfabric/go-bacnet/client/transaction.go:27.66,28.27 1 1
github.com/otfabric/go-bacnet/client/transaction.go:29.66,30.28 1 0
github.com/otfabric/go-bacnet/client/transaction.go:31.10,32.28 1 0
github.com/otfabric/go-bacnet/client/transaction.go:75.61,76.27 1 1
github.com/otfabric/go-bacnet/client/transaction.go:76.27,78.3 1 0
github.com/otfabric/go-bacnet/client/transaction.go:79.2,84.3 1 1
github.com/otfabric/go-bacnet/client/transaction.go:87.52,88.27 1 1
github.com/otfabric/go-bacnet/client/transaction.go:88.27,90.3 1 0
github.com/otfabric/go-bacnet/client/transaction.go:91.2,92.27 2 1
github.com/otfabric/go-bacnet/client/transaction.go:92.27,95.35 3 1
github.com/otfabric/go-bacnet/client/transaction.go:95.35,96.12 1 0
github.com/otfabric/go-bacnet/client/transaction.go:98.3,98.59 1 1
github.com/otfabric/go-bacnet/client/transaction.go:98.59,99.12 1 0
github.com/otfabric/go-bacnet/client/transaction.go:101.3,102.18 2 1
github.com/otfabric/go-bacnet/client/transaction.go:104.2,104.17 1 0
github.com/otfabric/go-bacnet/client/transaction.go:107.45,111.2 3 1
github.com/otfabric/go-bacnet/client/transaction.go:116.91,119.8 3 1
github.com/otfabric/go-bacnet/client/transaction.go:119.8,121.21 2 1
github.com/otfabric/go-bacnet/client/transaction.go:121.21,123.4 1 1
github.com/otfabric/go-bacnet/client/transaction.go:125.2,126.9 2 1
github.com/otfabric/go-bacnet/client/transaction.go:126.9,128.3 1 0
github.com/otfabric/go-bacnet/client/transaction.go:129.2,129.21 1 1
github.com/otfabric/go-bacnet/client/transaction.go:129.21,131.3 1 1
github.com/otfabric/go-bacnet/client/transaction.go:132.2,132.9 1 1
github.com/otfabric/go-bacnet/client/transaction.go:133.24,133.24 0 1
github.com/otfabric/go-bacnet/client/transaction.go:134.10,134.10 0 0
github.com/otfabric/go-bacnet/client/transaction.go:136.2,136.13 1 1
github.com/otfabric/go-bacnet/client/transaction.go:141.57,145.9 4 1
github.com/otfabric/go-bacnet/client/transaction.go:145.9,147.3 1 0
github.com/otfabric/go-bacnet/client/transaction.go:148.2,150.21 3 1
github.com/otfabric/go-bacnet/client/transaction.go:150.21,152.3 1 1
github.com/otfabric/go-bacnet/client/transaction.go:153.2,153.13 1 1
github.com/otfabric/go-bacnet/client/transaction.go:167.85,171.9 4 0
github.com/otfabric/go-bacnet/client/transaction.go:171.9,173.3 1 0
github.com/otfabric/go-bacnet/client/transaction.go:174.2,174.37 1 0
github.com/otfabric/go-bacnet/client/transaction.go:174.37,176.3 1 0
github.com/otfabric/go-bacnet/client/transaction.go:177.2,177.45 1 0
github.com/otfabric/go-bacnet/client/transaction.go:177.45,180.3 2 0
github.com/otfabric/go-bacnet/client/transaction.go:181.2,181.20 1 0
github.com/otfabric/go-bacnet/client/transaction.go:184.59,188.9 4 0
github.com/otfabric/go-bacnet/client/transaction.go:188.9,190.3 1 0
github.com/otfabric/go-bacnet/client/transaction.go:191.2,191.23 1 0
github.com/otfabric/go-bacnet/client/transaction.go:194.55,198.2 3 1
github.com/otfabric/go-bacnet/client/transaction.go:200.71,206.2 1 1
github.com/otfabric/go-bacnet/client/transaction.go:208.41,211.29 3 1
github.com/otfabric/go-bacnet/client/transaction.go:211.29,213.3 1 0
github.com/otfabric/go-bacnet/client/transaction.go:214.2,216.29 3 1
github.com/otfabric/go-bacnet/client/transaction.go:216.29,217.22 1 0
github.com/otfabric/go-bacnet/client/transaction.go:217.22,219.4 1 0
github.com/otfabric/go-bacnet/client/transaction.go:220.3,220.10 1 0
github.com/otfabric/go-bacnet/client/transaction.go:221.40,221.40 0 0
github.com/otfabric/go-bacnet/client/transaction.go:222.11,222.11 0 0
github.com/otfabric/go-bacnet/client/transport.go:53.57,55.15 2 0
github.com/otfabric/go-bacnet/client/transport.go:55.15,57.3 1 0
github.com/otfabric/go-bacnet/client/transport.go:58.2,59.16 2 0
github.com/otfabric/go-bacnet/client/transport.go:59.16,61.3 1 0
github.com/otfabric/go-bacnet/client/transport.go:62.2,63.16 2 0
github.com/otfabric/go-bacnet/client/transport.go:63.16,65.3 1 0
github.com/otfabric/go-bacnet/client/transport.go:66.2,67.16 2 0
github.com/otfabric/go-bacnet/client/transport.go:67.16,69.3 1 0
github.com/otfabric/go-bacnet/client/transport.go:70.2,72.16 3 0
github.com/otfabric/go-bacnet/client/transport.go:72.16,75.20 2 0
github.com/otfabric/go-bacnet/client/transport.go:75.20,78.4 2 0
github.com/otfabric/go-bacnet/client/transport.go:79.3,79.53 1 0
github.com/otfabric/go-bacnet/client/transport.go:81.2,87.21 3 0
github.com/otfabric/go-bacnet/client/transport.go:87.21,89.17 2 0
github.com/otfabric/go-bacnet/client/transport.go:89.17,92.4 2 0
github.com/otfabric/go-bacnet/client/transport.go:93.3,94.42 2 0
github.com/otfabric/go-bacnet/client/transport.go:96.2,96.15 1 0
github.com/otfabric/go-bacnet/client/transport.go:99.68,101.16 2 0
github.com/otfabric/go-bacnet/client/transport.go:101.16,103.3 1 0
github.com/otfabric/go-bacnet/client/transport.go:104.2,104.26 1 0
github.com/otfabric/go-bacnet/client/transport.go:104.26,106.35 2 0
github.com/otfabric/go-bacnet/client/transport.go:106.35,107.12 1 0
github.com/otfabric/go-bacnet/client/transport.go:109.3,111.21 3 0
github.com/otfabric/go-bacnet/client/transport.go:111.21,112.12 1 0
github.com/otfabric/go-bacnet/client/transport.go:114.3,115.45 2 0
github.com/otfabric/go-bacnet/client/transport.go:117.2,117.52 1 0
github.com/otfabric/go-bacnet/client/transport.go:120.45,120.63 1 0
github.com/otfabric/go-bacnet/client/transport.go:122.76,125.14 3 0
github.com/otfabric/go-bacnet/client/transport.go:125.14,127.3 1 0
github.com/otfabric/go-bacnet/client/transport.go:128.2,129.19 2 0
github.com/otfabric/go-bacnet/client/transport.go:129.19,130.21 1 0
github.com/otfabric/go-bacnet/client/transport.go:130.21,132.4 1 0
github.com/otfabric/go-bacnet/client/transport.go:132.9,134.17 2 0
github.com/otfabric/go-bacnet/client/transport.go:134.17,136.5 1 0
github.com/otfabric/go-bacnet/client/transport.go:137.4,137.54 1 0
github.com/otfabric/go-bacnet/client/transport.go:139.8,142.3 2 0
github.com/otfabric/go-bacnet/client/transport.go:143.2,144.8 2 0
github.com/otfabric/go-bacnet/client/transport.go:144.8,146.16 2 0
github.com/otfabric/go-bacnet/client/transport.go:146.16,146.60 1 0
github.com/otfabric/go-bacnet/client/transport.go:148.2,149.12 2 0
github.com/otfabric/go-bacnet/client/transport.go:152.73,154.6 2 0
github.com/otfabric/go-bacnet/client/transport.go:154.6,155.10 1 0
github.com/otfabric/go-bacnet/client/transport.go:156.21,157.37 1 0
github.com/otfabric/go-bacnet/client/transport.go:158.27,159.41 1 0
github.com/otfabric/go-bacnet/client/transport.go:160.11,160.11 0 0
github.com/otfabric/go-bacnet/client/transport.go:162.3,164.17 3 0
github.com/otfabric/go-bacnet/client/transport.go:164.17,165.53 1 0
github.com/otfabric/go-bacnet/client/transport.go:165.53,166.13 1 0
github.com/otfabric/go-bacnet/client/transport.go:168.4,171.14 4 0
github.com/otfabric/go-bacnet/client/transport.go:171.14,173.5 1 0
github.com/otfabric/go-bacnet/client/transport.go:174.4,174.31 1 0
github.com/otfabric/go-bacnet/client/transport.go:176.3,177.10 2 0
github.com/otfabric/go-bacnet/client/transport.go:177.10,178.12 1 0
github.com/otfabric/go-bacnet/client/transport.go:180.3,186.9 3 0
github.com/otfabric/go-bacnet/client/transport.go:190.38,193.14 3 0
github.com/otfabric/go-bacnet/client/transport.go:193.14,195.3 1 0
github.com/otfabric/go-bacnet/client/transport.go:196.2,198.23 3 0
github.com/otfabric/go-bacnet/client/transport.go:203.51,205.2 1 1
github.com/otfabric/go-bacnet/client/transport.go:209.47,209.69 1 0
github.com/otfabric/go-bacnet/client/transport.go:211.78,217.2 1 1
github.com/otfabric/go-bacnet/client/transport.go:219.75,221.16 2 1
github.com/otfabric/go-bacnet/client/transport.go:221.16,223.3 1 1
github.com/otfabric/go-bacnet/client/transport.go:224.2,228.8 1 1
github.com/otfabric/go-bacnet/client/transport.go:231.40,231.62 1 1
github.com/otfabric/go-bacnet/client/write.go:16.189,23.16 2 0
github.com/otfabric/go-bacnet/client/write.go:23.16,25.3 1 0
github.com/otfabric/go-bacnet/client/write.go:26.2,27.16 2 0
github.com/otfabric/go-bacnet/client/write.go:27.16,29.3 1 0
github.com/otfabric/go-bacnet/client/write.go:30.2,30.36 1 0
github.com/otfabric/go-bacnet/client/write.go:30.36,32.3 1 0
github.com/otfabric/go-bacnet/client/write.go:33.2,33.12 1 0
